(module
  (type (;0;) (func (result i32)))
  (type (;1;) (func (param i32 i32 i32)))
  (type (;2;) (func (param i32) (result i32)))
  (type (;3;) (func (param i64)))
  (import "spectest" "finite_wasm_gas" (func $finite_wasm_gas (;0;) (type 3)))
  (import "spectest" "finite_wasm_stack" (func $finite_wasm_stack (;1;) (type 3)))
  (func $zero (;2;) (type 0) (result i32)
    i64.const 1000000000004
    call $finite_wasm_stack
    i32.const 0
    i64.const 2
    call $finite_wasm_gas
  )
  (func $one (;3;) (type 0) (result i32)
    i64.const 1000000000004
    call $finite_wasm_stack
    i32.const 1
    i64.const 2
    call $finite_wasm_gas
  )
  (func (;4;) (type 1) (param i32 i32 i32)
    i64.const 1000002000012
    call $finite_wasm_stack
    local.get 0
    i64.const 3
    call $finite_wasm_gas
    local.get 1
    local.get 2
    table.init 0
    i64.const 1
    call $finite_wasm_gas
    end
    i64.const 1
    call $finite_wasm_gas
  )
  (func (;5;) (type 2) (param i32) (result i32)
    i64.const 1000000000008
    call $finite_wasm_stack
    local.get 0
    i64.const 1
    call $finite_wasm_gas
    call_indirect (type 0)
    i64.const 1
    call $finite_wasm_gas
    end
    i64.const 1
    call $finite_wasm_gas
  )
  (table (;0;) 3 funcref)
  (export "init" (func 4))
  (export "call" (func 5))
  (elem (;0;) func)
)