(module
  (type (;0;) (func))
  (type (;1;) (func (param i32)))
  (type (;2;) (func (param i64)))
  (import "spectest" "finite_wasm_gas" (func $finite_wasm_gas (;0;) (type 2)))
  (import "spectest" "finite_wasm_stack" (func $finite_wasm_stack (;1;) (type 2)))
  (func $f (;2;) (type 0)
    i64.const 1000000000000
    call $finite_wasm_stack
    i64.const 1
    call $finite_wasm_gas
  )
  (func (;3;) (type 0)
    i64.const 1000000000000
    call $finite_wasm_stack
    i64.const 2
    call $finite_wasm_gas
    elem.drop $p
  )
  (func (;4;) (type 1) (param $len i32)
    i64.const 1000000000012
    call $finite_wasm_stack
    i64.const 3
    call $finite_wasm_gas
    i32.const 0
    i32.const 0
    local.get $len
    i64.const 1
    call $finite_wasm_gas
    table.init $p
    i64.const 1
    call $finite_wasm_gas
  )
  (func (;5;) (type 0)
    i64.const 1000000000000
    call $finite_wasm_stack
    i64.const 2
    call $finite_wasm_gas
    elem.drop $a
  )
  (func (;6;) (type 1) (param $len i32)
    i64.const 1000000000012
    call $finite_wasm_stack
    i64.const 3
    call $finite_wasm_gas
    i32.const 0
    i32.const 0
    local.get $len
    i64.const 1
    call $finite_wasm_gas
    table.init $a
    i64.const 1
    call $finite_wasm_gas
  )
  (table (;0;) 1 funcref)
  (export "drop_passive" (func 3))
  (export "init_passive" (func 4))
  (export "drop_active" (func 5))
  (export "init_active" (func 6))
  (elem $p (;0;) func)
  (elem $a (;1;) (i32.const 0) func)
)