(module
  (type (;0;) (func (result f64)))
  (type (;1;) (func (param i64)))
  (import "spectest" "finite_wasm_gas" (func (;0;) (type 1)))
  (import "spectest" "finite_wasm_stack" (func (;1;) (type 1)))
  (func (;2;) (type 0) (result f64)
    f64.const 0x1.0000000000003p-600 (;=0.00000000000000000000000000000000000000000000000000000000000000000000000000000000000000000000000000000000000000000000000000000000000000000000000000000000000000000000000000000000000024099198651028857;)
  )
  (export "f" (func 2))
)