(module
  (type (;0;) (func (param i32 i32)))
  (type (;1;) (func (param i32 i64)))
  (type (;2;) (func (param i32) (result i32)))
  (type (;3;) (func (param i32) (result i64)))
  (type (;4;) (func (param i64) (result i64)))
  (type (;5;) (func (param f32) (result f32)))
  (type (;6;) (func (param f64) (result f64)))
  (type (;7;) (func (param i64)))
  (type (;8;) (func (param i64 i64)))
  (import "spectest" "finite_wasm_gas" (func $finite_wasm_gas (;0;) (type 7)))
  (import "spectest" "finite_wasm_stack" (func $finite_wasm_stack (;1;) (type 8)))
  (import "spectest" "finite_wasm_unstack" (func $finite_wasm_unstack (;2;) (type 8)))
  (memory (;0;) 1)
  (export "i32_load16_s" (func 9))
  (export "i32_load16_u" (func 10))
  (export "i32_load" (func 11))
  (export "i64_load16_s" (func 12))
  (export "i64_load16_u" (func 13))
  (export "i64_load32_s" (func 14))
  (export "i64_load32_u" (func 15))
  (export "i64_load" (func 16))
  (export "f32_load" (func 17))
  (export "f64_load" (func 18))
  (export "i32_store16" (func 19))
  (export "i32_store" (func 20))
  (export "i64_store16" (func 21))
  (export "i64_store32" (func 22))
  (export "i64_store" (func 23))
  (export "f32_store" (func 24))
  (export "f64_store" (func 25))
  (func $i16_store_little (;3;) (type 0) (param $address i32) (param $value i32)
    block ;; label = @1
      i64.const 12
      i64.const 2
      call $finite_wasm_stack
      i64.const 3
      call $finite_wasm_gas
      local.get $address
      local.get $value
      i32.store8
      i64.const 7
      call $finite_wasm_gas
      local.get $address
      i32.const 1
      i32.add
      local.get $value
      i32.const 8
      i32.shr_u
      i32.store8
    end
    i64.const 12
    i64.const 2
    call $finite_wasm_unstack
  )
  (func $i32_store_little (;4;) (type 0) (param $address i32) (param $value i32)
    block ;; label = @1
      i64.const 12
      i64.const 2
      call $finite_wasm_stack
      i64.const 3
      call $finite_wasm_gas
      local.get $address
      local.get $value
      call $i16_store_little
      i64.const 7
      call $finite_wasm_gas
      local.get $address
      i32.const 2
      i32.add
      local.get $value
      i32.const 16
      i32.shr_u
      call $i16_store_little
    end
    i64.const 12
    i64.const 2
    call $finite_wasm_unstack
  )
  (func $i64_store_little (;5;) (type 1) (param $address i32) (param $value i64)
    block ;; label = @1
      i64.const 20
      i64.const 2
      call $finite_wasm_stack
      i64.const 4
      call $finite_wasm_gas
      local.get $address
      local.get $value
      i32.wrap_i64
      call $i32_store_little
      i64.const 8
      call $finite_wasm_gas
      local.get $address
      i32.const 4
      i32.add
      local.get $value
      i64.const 32
      i64.shr_u
      i32.wrap_i64
      call $i32_store_little
    end
    i64.const 20
    i64.const 2
    call $finite_wasm_unstack
  )
  (func $i16_load_little (;6;) (type 2) (param $address i32) (result i32)
    block (result i32) ;; label = @1
      i64.const 12
      i64.const 1
      call $finite_wasm_stack
      i64.const 2
      call $finite_wasm_gas
      local.get $address
      i32.load8_u
      i64.const 4
      call $finite_wasm_gas
      local.get $address
      i32.const 1
      i32.add
      i32.load8_u
      i64.const 3
      call $finite_wasm_gas
      i32.const 8
      i32.shl
      i32.or
    end
    i64.const 12
    i64.const 1
    call $finite_wasm_unstack
  )
  (func $i32_load_little (;7;) (type 2) (param $address i32) (result i32)
    block (result i32) ;; label = @1
      i64.const 12
      i64.const 1
      call $finite_wasm_stack
      i64.const 2
      call $finite_wasm_gas
      local.get $address
      call $i16_load_little
      i64.const 4
      call $finite_wasm_gas
      local.get $address
      i32.const 2
      i32.add
      call $i16_load_little
      i64.const 3
      call $finite_wasm_gas
      i32.const 16
      i32.shl
      i32.or
    end
    i64.const 12
    i64.const 1
    call $finite_wasm_unstack
  )
  (func $i64_load_little (;8;) (type 3) (param $address i32) (result i64)
    block (result i64) ;; label = @1
      i64.const 24
      i64.const 1
      call $finite_wasm_stack
      i64.const 2
      call $finite_wasm_gas
      local.get $address
      call $i32_load_little
      i64.const 5
      call $finite_wasm_gas
      i64.extend_i32_u
      local.get $address
      i32.const 4
      i32.add
      call $i32_load_little
      i64.const 4
      call $finite_wasm_gas
      i64.extend_i32_u
      i64.const 32
      i64.shl
      i64.or
    end
    i64.const 24
    i64.const 1
    call $finite_wasm_unstack
  )
  (func (;9;) (type 2) (param $value i32) (result i32)
    block (result i32) ;; label = @1
      i64.const 8
      i64.const 1
      call $finite_wasm_stack
      i64.const 3
      call $finite_wasm_gas
      i32.const 0
      local.get $value
      call $i16_store_little
      i64.const 2
      call $finite_wasm_gas
      i32.const 0
      i32.load16_s
    end
    i64.const 8
    i64.const 1
    call $finite_wasm_unstack
  )
  (func (;10;) (type 2) (param $value i32) (result i32)
    block (result i32) ;; label = @1
      i64.const 8
      i64.const 1
      call $finite_wasm_stack
      i64.const 3
      call $finite_wasm_gas
      i32.const 0
      local.get $value
      call $i16_store_little
      i64.const 2
      call $finite_wasm_gas
      i32.const 0
      i32.load16_u
    end
    i64.const 8
    i64.const 1
    call $finite_wasm_unstack
  )
  (func (;11;) (type 2) (param $value i32) (result i32)
    block (result i32) ;; label = @1
      i64.const 8
      i64.const 1
      call $finite_wasm_stack
      i64.const 3
      call $finite_wasm_gas
      i32.const 0
      local.get $value
      call $i32_store_little
      i64.const 2
      call $finite_wasm_gas
      i32.const 0
      i32.load
    end
    i64.const 8
    i64.const 1
    call $finite_wasm_unstack
  )
  (func (;12;) (type 4) (param $value i64) (result i64)
    block (result i64) ;; label = @1
      i64.const 12
      i64.const 1
      call $finite_wasm_stack
      i64.const 4
      call $finite_wasm_gas
      i32.const 0
      local.get $value
      i32.wrap_i64
      call $i16_store_little
      i64.const 2
      call $finite_wasm_gas
      i32.const 0
      i64.load16_s
    end
    i64.const 12
    i64.const 1
    call $finite_wasm_unstack
  )
  (func (;13;) (type 4) (param $value i64) (result i64)
    block (result i64) ;; label = @1
      i64.const 12
      i64.const 1
      call $finite_wasm_stack
      i64.const 4
      call $finite_wasm_gas
      i32.const 0
      local.get $value
      i32.wrap_i64
      call $i16_store_little
      i64.const 2
      call $finite_wasm_gas
      i32.const 0
      i64.load16_u
    end
    i64.const 12
    i64.const 1
    call $finite_wasm_unstack
  )
  (func (;14;) (type 4) (param $value i64) (result i64)
    block (result i64) ;; label = @1
      i64.const 12
      i64.const 1
      call $finite_wasm_stack
      i64.const 4
      call $finite_wasm_gas
      i32.const 0
      local.get $value
      i32.wrap_i64
      call $i32_store_little
      i64.const 2
      call $finite_wasm_gas
      i32.const 0
      i64.load32_s
    end
    i64.const 12
    i64.const 1
    call $finite_wasm_unstack
  )
  (func (;15;) (type 4) (param $value i64) (result i64)
    block (result i64) ;; label = @1
      i64.const 12
      i64.const 1
      call $finite_wasm_stack
      i64.const 4
      call $finite_wasm_gas
      i32.const 0
      local.get $value
      i32.wrap_i64
      call $i32_store_little
      i64.const 2
      call $finite_wasm_gas
      i32.const 0
      i64.load32_u
    end
    i64.const 12
    i64.const 1
    call $finite_wasm_unstack
  )
  (func (;16;) (type 4) (param $value i64) (result i64)
    block (result i64) ;; label = @1
      i64.const 12
      i64.const 1
      call $finite_wasm_stack
      i64.const 3
      call $finite_wasm_gas
      i32.const 0
      local.get $value
      call $i64_store_little
      i64.const 2
      call $finite_wasm_gas
      i32.const 0
      i64.load
    end
    i64.const 12
    i64.const 1
    call $finite_wasm_unstack
  )
  (func (;17;) (type 5) (param $value f32) (result f32)
    block (result f32) ;; label = @1
      i64.const 8
      i64.const 1
      call $finite_wasm_stack
      i64.const 4
      call $finite_wasm_gas
      i32.const 0
      local.get $value
      i32.reinterpret_f32
      call $i32_store_little
      i64.const 2
      call $finite_wasm_gas
      i32.const 0
      f32.load
    end
    i64.const 8
    i64.const 1
    call $finite_wasm_unstack
  )
  (func (;18;) (type 6) (param $value f64) (result f64)
    block (result f64) ;; label = @1
      i64.const 12
      i64.const 1
      call $finite_wasm_stack
      i64.const 4
      call $finite_wasm_gas
      i32.const 0
      local.get $value
      i64.reinterpret_f64
      call $i64_store_little
      i64.const 2
      call $finite_wasm_gas
      i32.const 0
      f64.load
    end
    i64.const 12
    i64.const 1
    call $finite_wasm_unstack
  )
  (func (;19;) (type 2) (param $value i32) (result i32)
    block (result i32) ;; label = @1
      i64.const 8
      i64.const 1
      call $finite_wasm_stack
      i64.const 3
      call $finite_wasm_gas
      i32.const 0
      local.get $value
      i32.store16
      i64.const 2
      call $finite_wasm_gas
      i32.const 0
      call $i16_load_little
    end
    i64.const 8
    i64.const 1
    call $finite_wasm_unstack
  )
  (func (;20;) (type 2) (param $value i32) (result i32)
    block (result i32) ;; label = @1
      i64.const 8
      i64.const 1
      call $finite_wasm_stack
      i64.const 3
      call $finite_wasm_gas
      i32.const 0
      local.get $value
      i32.store
      i64.const 2
      call $finite_wasm_gas
      i32.const 0
      call $i32_load_little
    end
    i64.const 8
    i64.const 1
    call $finite_wasm_unstack
  )
  (func (;21;) (type 4) (param $value i64) (result i64)
    block (result i64) ;; label = @1
      i64.const 12
      i64.const 1
      call $finite_wasm_stack
      i64.const 3
      call $finite_wasm_gas
      i32.const 0
      local.get $value
      i64.store16
      i64.const 2
      call $finite_wasm_gas
      i32.const 0
      call $i16_load_little
      i64.const 1
      call $finite_wasm_gas
      i64.extend_i32_u
    end
    i64.const 12
    i64.const 1
    call $finite_wasm_unstack
  )
  (func (;22;) (type 4) (param $value i64) (result i64)
    block (result i64) ;; label = @1
      i64.const 12
      i64.const 1
      call $finite_wasm_stack
      i64.const 3
      call $finite_wasm_gas
      i32.const 0
      local.get $value
      i64.store32
      i64.const 2
      call $finite_wasm_gas
      i32.const 0
      call $i32_load_little
      i64.const 1
      call $finite_wasm_gas
      i64.extend_i32_u
    end
    i64.const 12
    i64.const 1
    call $finite_wasm_unstack
  )
  (func (;23;) (type 4) (param $value i64) (result i64)
    block (result i64) ;; label = @1
      i64.const 12
      i64.const 1
      call $finite_wasm_stack
      i64.const 3
      call $finite_wasm_gas
      i32.const 0
      local.get $value
      i64.store
      i64.const 2
      call $finite_wasm_gas
      i32.const 0
      call $i64_load_little
    end
    i64.const 12
    i64.const 1
    call $finite_wasm_unstack
  )
  (func (;24;) (type 5) (param $value f32) (result f32)
    block (result f32) ;; label = @1
      i64.const 8
      i64.const 1
      call $finite_wasm_stack
      i64.const 3
      call $finite_wasm_gas
      i32.const 0
      local.get $value
      f32.store
      i64.const 2
      call $finite_wasm_gas
      i32.const 0
      call $i32_load_little
      i64.const 1
      call $finite_wasm_gas
      f32.reinterpret_i32
    end
    i64.const 8
    i64.const 1
    call $finite_wasm_unstack
  )
  (func (;25;) (type 6) (param $value f64) (result f64)
    block (result f64) ;; label = @1
      i64.const 12
      i64.const 1
      call $finite_wasm_stack
      i64.const 3
      call $finite_wasm_gas
      i32.const 0
      local.get $value
      f64.store
      i64.const 2
      call $finite_wasm_gas
      i32.const 0
      call $i64_load_little
      i64.const 1
      call $finite_wasm_gas
      f64.reinterpret_i64
    end
    i64.const 12
    i64.const 1
    call $finite_wasm_unstack
  )
)

(assert_return (invoke "i32_load16_s" (i32.const -1)) (i32.const -1))
(assert_return (invoke "i32_load16_s" (i32.const -4242)) (i32.const -4242))
(assert_return (invoke "i32_load16_s" (i32.const 42)) (i32.const 42))
(assert_return (invoke "i32_load16_s" (i32.const 0x3210)) (i32.const 0x3210))

(assert_return (invoke "i32_load16_u" (i32.const -1)) (i32.const 0xFFFF))
(assert_return (invoke "i32_load16_u" (i32.const -4242)) (i32.const 61294))
(assert_return (invoke "i32_load16_u" (i32.const 42)) (i32.const 42))
(assert_return (invoke "i32_load16_u" (i32.const 0xCAFE)) (i32.const 0xCAFE))

(assert_return (invoke "i32_load" (i32.const -1)) (i32.const -1))
(assert_return (invoke "i32_load" (i32.const -42424242)) (i32.const -42424242))
(assert_return (invoke "i32_load" (i32.const 42424242)) (i32.const 42424242))
(assert_return (invoke "i32_load" (i32.const 0xABAD1DEA)) (i32.const 0xABAD1DEA))

(assert_return (invoke "i64_load16_s" (i64.const -1)) (i64.const -1))
(assert_return (invoke "i64_load16_s" (i64.const -4242)) (i64.const -4242))
(assert_return (invoke "i64_load16_s" (i64.const 42)) (i64.const 42))
(assert_return (invoke "i64_load16_s" (i64.const 0x3210)) (i64.const 0x3210))

(assert_return (invoke "i64_load16_u" (i64.const -1)) (i64.const 0xFFFF))
(assert_return (invoke "i64_load16_u" (i64.const -4242)) (i64.const 61294))
(assert_return (invoke "i64_load16_u" (i64.const 42)) (i64.const 42))
(assert_return (invoke "i64_load16_u" (i64.const 0xCAFE)) (i64.const 0xCAFE))

(assert_return (invoke "i64_load32_s" (i64.const -1)) (i64.const -1))
(assert_return (invoke "i64_load32_s" (i64.const -42424242)) (i64.const -42424242))
(assert_return (invoke "i64_load32_s" (i64.const 42424242)) (i64.const 42424242))
(assert_return (invoke "i64_load32_s" (i64.const 0x12345678)) (i64.const 0x12345678))

(assert_return (invoke "i64_load32_u" (i64.const -1)) (i64.const 0xFFFFFFFF))
(assert_return (invoke "i64_load32_u" (i64.const -42424242)) (i64.const 4252543054))
(assert_return (invoke "i64_load32_u" (i64.const 42424242)) (i64.const 42424242))
(assert_return (invoke "i64_load32_u" (i64.const 0xABAD1DEA)) (i64.const 0xABAD1DEA))

(assert_return (invoke "i64_load" (i64.const -1)) (i64.const -1))
(assert_return (invoke "i64_load" (i64.const -42424242)) (i64.const -42424242))
(assert_return (invoke "i64_load" (i64.const 0xABAD1DEA)) (i64.const 0xABAD1DEA))
(assert_return (invoke "i64_load" (i64.const 0xABADCAFEDEAD1DEA)) (i64.const 0xABADCAFEDEAD1DEA))

(assert_return (invoke "f32_load" (f32.const -1)) (f32.const -1))
(assert_return (invoke "f32_load" (f32.const 1234e-5)) (f32.const 1234e-5))
(assert_return (invoke "f32_load" (f32.const 4242.4242)) (f32.const 4242.4242))
(assert_return (invoke "f32_load" (f32.const 0x1.fffffep+127)) (f32.const 0x1.fffffep+127))

(assert_return (invoke "f64_load" (f64.const -1)) (f64.const -1))
(assert_return (invoke "f64_load" (f64.const 123456789e-5)) (f64.const 123456789e-5))
(assert_return (invoke "f64_load" (f64.const 424242.424242)) (f64.const 424242.424242))
(assert_return (invoke "f64_load" (f64.const 0x1.fffffffffffffp+1023)) (f64.const 0x1.fffffffffffffp+1023))


(assert_return (invoke "i32_store16" (i32.const -1)) (i32.const 0xFFFF))
(assert_return (invoke "i32_store16" (i32.const -4242)) (i32.const 61294))
(assert_return (invoke "i32_store16" (i32.const 42)) (i32.const 42))
(assert_return (invoke "i32_store16" (i32.const 0xCAFE)) (i32.const 0xCAFE))

(assert_return (invoke "i32_store" (i32.const -1)) (i32.const -1))
(assert_return (invoke "i32_store" (i32.const -4242)) (i32.const -4242))
(assert_return (invoke "i32_store" (i32.const 42424242)) (i32.const 42424242))
(assert_return (invoke "i32_store" (i32.const 0xDEADCAFE)) (i32.const 0xDEADCAFE))

(assert_return (invoke "i64_store16" (i64.const -1)) (i64.const 0xFFFF))
(assert_return (invoke "i64_store16" (i64.const -4242)) (i64.const 61294))
(assert_return (invoke "i64_store16" (i64.const 42)) (i64.const 42))
(assert_return (invoke "i64_store16" (i64.const 0xCAFE)) (i64.const 0xCAFE))

(assert_return (invoke "i64_store32" (i64.const -1)) (i64.const 0xFFFFFFFF))
(assert_return (invoke "i64_store32" (i64.const -4242)) (i64.const 4294963054))
(assert_return (invoke "i64_store32" (i64.const 42424242)) (i64.const 42424242))
(assert_return (invoke "i64_store32" (i64.const 0xDEADCAFE)) (i64.const 0xDEADCAFE))

(assert_return (invoke "i64_store" (i64.const -1)) (i64.const -1))
(assert_return (invoke "i64_store" (i64.const -42424242)) (i64.const -42424242))
(assert_return (invoke "i64_store" (i64.const 0xABAD1DEA)) (i64.const 0xABAD1DEA))
(assert_return (invoke "i64_store" (i64.const 0xABADCAFEDEAD1DEA)) (i64.const 0xABADCAFEDEAD1DEA))

(assert_return (invoke "f32_store" (f32.const -1)) (f32.const -1))
(assert_return (invoke "f32_store" (f32.const 1234e-5)) (f32.const 1234e-5))
(assert_return (invoke "f32_store" (f32.const 4242.4242)) (f32.const 4242.4242))
(assert_return (invoke "f32_store" (f32.const 0x1.fffffep+127)) (f32.const 0x1.fffffep+127))

(assert_return (invoke "f64_store" (f64.const -1)) (f64.const -1))
(assert_return (invoke "f64_store" (f64.const 123456789e-5)) (f64.const 123456789e-5))
(assert_return (invoke "f64_store" (f64.const 424242.424242)) (f64.const 424242.424242))
(assert_return (invoke "f64_store" (f64.const 0x1.fffffffffffffp+1023)) (f64.const 0x1.fffffffffffffp+1023))
