(module
  (type (;0;) (func (param f32) (result f32)))
  (type (;1;) (func (param f32 f32) (result f32)))
  (type (;2;) (func (param i64)))
  (import "spectest" "finite_wasm_gas" (func (;0;) (type 2)))
  (import "spectest" "finite_wasm_stack" (func (;1;) (type 2)))
  (func (;2;) (type 0) (param $x f32) (result f32)
    local.get $x
    f32.abs
  )
  (func (;3;) (type 0) (param $x f32) (result f32)
    local.get $x
    f32.neg
  )
  (func (;4;) (type 1) (param $x f32) (param $y f32) (result f32)
    local.get $x
    local.get $y
    f32.copysign
  )
  (export "abs" (func 2))
  (export "neg" (func 3))
  (export "copysign" (func 4))
)