(module
  (type (;0;) (func (result f32)))
  (type (;1;) (func (result i32)))
  (type (;2;) (func))
  (type (;3;) (func (param i64)))
  (import "spectest" "finite_wasm_gas" (func (;0;) (type 3)))
  (import "spectest" "finite_wasm_stack" (func (;1;) (type 3)))
  (func (;2;) (type 0) (result f32)
    i64.const 1000000000004
    call 1
    i32.const 0
    i64.const 1
    call 0
    f32.load
    i64.const 1
    call 0
    end
    i64.const 1
    call 0
  )
  (func (;3;) (type 1) (result i32)
    i64.const 1000000000004
    call 1
    i32.const 0
    i64.const 1
    call 0
    i32.load
    i64.const 1
    call 0
    end
    i64.const 1
    call 0
  )
  (func (;4;) (type 2)
    i64.const 1000000000008
    call 1
    i32.const 0
    i64.const 2
    call 0
    f32.const nan:0x200000 (;=NaN;)
    f32.store
    i64.const 1
    call 0
    end
    i64.const 1
    call 0
  )
  (func (;5;) (type 2)
    i64.const 1000000000008
    call 1
    i32.const 0
    i64.const 2
    call 0
    i32.const 2141192192
    i32.store
    i64.const 1
    call 0
    end
    i64.const 1
    call 0
  )
  (func (;6;) (type 2)
    i64.const 1000000000008
    call 1
    i32.const 0
    i64.const 2
    call 0
    i32.const 0
    i32.store
    i64.const 1
    call 0
    end
    i64.const 1
    call 0
  )
  (memory (;0;) 1 1)
  (export "f32.load" (func 2))
  (export "i32.load" (func 3))
  (export "f32.store" (func 4))
  (export "i32.store" (func 5))
  (export "reset" (func 6))
  (data (;0;) (i32.const 0) "\00\00\a0\7f")
)