(module
  (type (;0;) (func (param f32) (result f32)))
  (type (;1;) (func (param f64) (result f64)))
  (type (;2;) (func (param i64)))
  (import "spectest" "finite_wasm_gas" (func (;0;) (type 2)))
  (import "spectest" "finite_wasm_stack" (func (;1;) (type 2)))
  (func (;2;) (type 0) (param $x f32) (result f32)
    i64.const 1000000000008
    call 1
    local.get $x
    f32.const 0x1p+1 (;=2;)
    f32.div
    f32.const 0x1p+1 (;=2;)
    f32.mul
  )
  (func (;3;) (type 1) (param $x f64) (result f64)
    i64.const 1000000000016
    call 1
    local.get $x
    f64.const 0x1p+1 (;=2;)
    f64.div
    f64.const 0x1p+1 (;=2;)
    f64.mul
  )
  (export "f32.no_fold_div2_mul2" (func 2))
  (export "f64.no_fold_div2_mul2" (func 3))
)