(module
  (type (;0;) (func (param f32 f32) (result i32)))
  (type (;1;) (func (param f64 f64) (result i32)))
  (type (;2;) (func (param i64)))
  (import "spectest" "finite_wasm_gas" (func (;0;) (type 2)))
  (import "spectest" "finite_wasm_stack" (func (;1;) (type 2)))
  (func (;2;) (type 0) (param $x f32) (param $y f32) (result i32)
    i64.const 1000001000012
    call 1
    i64.const 8
    call 0
    local.get $x
    local.get $y
    f32.lt
    local.get $x
    local.get $y
    f32.ge
    i32.or
  )
  (func (;3;) (type 0) (param $x f32) (param $y f32) (result i32)
    i64.const 1000001000012
    call 1
    i64.const 8
    call 0
    local.get $x
    local.get $y
    f32.le
    local.get $x
    local.get $y
    f32.gt
    i32.or
  )
  (func (;4;) (type 0) (param $x f32) (param $y f32) (result i32)
    i64.const 1000001000012
    call 1
    i64.const 8
    call 0
    local.get $x
    local.get $y
    f32.gt
    local.get $x
    local.get $y
    f32.le
    i32.or
  )
  (func (;5;) (type 0) (param $x f32) (param $y f32) (result i32)
    i64.const 1000001000012
    call 1
    i64.const 8
    call 0
    local.get $x
    local.get $y
    f32.ge
    local.get $x
    local.get $y
    f32.lt
    i32.or
  )
  (func (;6;) (type 1) (param $x f64) (param $y f64) (result i32)
    i64.const 1000001000020
    call 1
    i64.const 8
    call 0
    local.get $x
    local.get $y
    f64.lt
    local.get $x
    local.get $y
    f64.ge
    i32.or
  )
  (func (;7;) (type 1) (param $x f64) (param $y f64) (result i32)
    i64.const 1000001000020
    call 1
    i64.const 8
    call 0
    local.get $x
    local.get $y
    f64.le
    local.get $x
    local.get $y
    f64.gt
    i32.or
  )
  (func (;8;) (type 1) (param $x f64) (param $y f64) (result i32)
    i64.const 1000001000020
    call 1
    i64.const 8
    call 0
    local.get $x
    local.get $y
    f64.gt
    local.get $x
    local.get $y
    f64.le
    i32.or
  )
  (func (;9;) (type 1) (param $x f64) (param $y f64) (result i32)
    i64.const 1000001000020
    call 1
    i64.const 8
    call 0
    local.get $x
    local.get $y
    f64.ge
    local.get $x
    local.get $y
    f64.lt
    i32.or
  )
  (export "f32.no_trichotomy_lt" (func 2))
  (export "f32.no_trichotomy_le" (func 3))
  (export "f32.no_trichotomy_gt" (func 4))
  (export "f32.no_trichotomy_ge" (func 5))
  (export "f64.no_trichotomy_lt" (func 6))
  (export "f64.no_trichotomy_le" (func 7))
  (export "f64.no_trichotomy_gt" (func 8))
  (export "f64.no_trichotomy_ge" (func 9))
)