(module
  (type (;0;) (func (result f32)))
  (type (;1;) (func (param i64)))
  (import "spectest" "finite_wasm_gas" (func (;0;) (type 1)))
  (import "spectest" "finite_wasm_stack" (func (;1;) (type 1)))
  (import "test" "func->f32" (func (;2;) (type 0)))
)