(module $Mgm
  (type (;0;) (func (result i32)))
  (type (;1;) (func (param i64)))
  (import "spectest" "finite_wasm_gas" (func (;0;) (type 1)))
  (import "spectest" "finite_wasm_stack" (func (;1;) (type 1)))
  (func (;2;) (type 0) (result i32)
    i32.const 1
    memory.grow
  )
  (memory (;0;) 1)
  (export "memory" (memory 0))
  (export "grow" (func 2))
)