(module
  (type (;0;) (func (param i32) (result i32)))
  (type (;1;) (func (param i64) (result i64)))
  (type (;2;) (func (param i64)))
  (import "spectest" "finite_wasm_gas" (func (;0;) (type 2)))
  (import "spectest" "finite_wasm_stack" (func (;1;) (type 2)))
  (func (;2;) (type 0) (param $x i32) (result i32)
    i64.const 1000000000008
    call 1
    local.get $x
    local.get $x
    i32.rem_s
  )
  (func (;3;) (type 0) (param $x i32) (result i32)
    i64.const 1000000000008
    call 1
    local.get $x
    local.get $x
    i32.rem_u
  )
  (func (;4;) (type 1) (param $x i64) (result i64)
    i64.const 1000000000016
    call 1
    local.get $x
    local.get $x
    i64.rem_s
  )
  (func (;5;) (type 1) (param $x i64) (result i64)
    i64.const 1000000000016
    call 1
    local.get $x
    local.get $x
    i64.rem_u
  )
  (export "i32.no_fold_rem_s_self" (func 2))
  (export "i32.no_fold_rem_u_self" (func 3))
  (export "i64.no_fold_rem_s_self" (func 4))
  (export "i64.no_fold_rem_u_self" (func 5))
)