(module $Mg
  (type (;0;) (func (result i32)))
  (type (;1;) (func (param i32)))
  (type (;2;) (func (param i64)))
  (import "spectest" "finite_wasm_gas" (func (;0;) (type 2)))
  (import "spectest" "finite_wasm_stack" (func (;1;) (type 2)))
  (func (;2;) (type 0) (result i32)
    i64.const 1000000000004
    call 1
    i64.const 2
    call 0
    global.get $glob
  )
  (func (;3;) (type 0) (result i32)
    i64.const 1000000000004
    call 1
    i64.const 2
    call 0
    global.get $mut_glob
  )
  (func (;4;) (type 1) (param i32)
    i64.const 1000000000004
    call 1
    i64.const 3
    call 0
    local.get 0
    global.set $mut_glob
  )
  (global $glob (;0;) i32 i32.const 42)
  (global $mut_glob (;1;) (mut i32) i32.const 142)
  (export "glob" (global $glob))
  (export "get" (func 2))
  (export "mut_glob" (global $mut_glob))
  (export "get_mut" (func 3))
  (export "set_mut" (func 4))
)