(module $Ng
  (type (;0;) (func (result i32)))
  (type (;1;) (func (param i32)))
  (type (;2;) (func (param i64)))
  (import "spectest" "finite_wasm_gas" (func $finite_wasm_gas (;0;) (type 2)))
  (import "spectest" "finite_wasm_stack" (func $finite_wasm_stack (;1;) (type 2)))
  (import "Mg" "glob" (global $x (;0;) i32))
  (import "Mg" "mut_glob" (global $mut_glob (;1;) (mut i32)))
  (import "Mg" "get" (func $f (;2;) (type 0)))
  (import "Mg" "get_mut" (func $get_mut (;3;) (type 0)))
  (import "Mg" "set_mut" (func $set_mut (;4;) (type 1)))
  (func (;5;) (type 0) (result i32)
    i64.const 0
    call $finite_wasm_stack
    i64.const 2
    call $finite_wasm_gas
    global.get $glob
  )
  (global $glob (;2;) i32 i32.const 43)
  (export "Mg.glob" (global $x))
  (export "Mg.get" (func $f))
  (export "glob" (global $glob))
  (export "get" (func 5))
  (export "Mg.mut_glob" (global $mut_glob))
  (export "Mg.get_mut" (func $get_mut))
  (export "Mg.set_mut" (func $set_mut))
)