(module
  (type (;0;) (func))
  (type (;1;) (func (param i32) (result i32)))
  (type (;2;) (func (param i64)))
  (import "spectest" "finite_wasm_gas" (func (;0;) (type 2)))
  (import "spectest" "finite_wasm_stack" (func (;1;) (type 2)))
  (func (;2;) (type 0)
    i64.const 1000000000012
    call 1
    i64.const 3
    call 0
    i32.const 7
    i32.const 0
    i32.const 4
    i64.const 1
    call 0
    memory.init 1
    i64.const 1
    call 0
  )
  (func (;3;) (type 1) (param i32) (result i32)
    i64.const 1000000000004
    call 1
    i64.const 1
    call 0
    local.get 0
    i64.const 1
    call 0
    i32.load8_u
    i64.const 1
    call 0
  )
  (memory (;0;) 1 1)
  (export "memory0" (memory 0))
  (export "test" (func 2))
  (export "load8_u" (func 3))
  (data (;0;) (i32.const 2) "\03\01\04\01")
  (data (;1;) "\02\07\01\08")
  (data (;2;) (i32.const 12) "\07\05\02\03\06")
  (data (;3;) "\05\09\02\07\06")
)