(module
  (type (;0;) (func (result i32)))
  (type (;1;) (func (param i32 i32)))
  (type (;2;) (func (param i32) (result i32)))
  (type (;3;) (func (param i64)))
  (type (;4;) (func (param i64 i64)))
  (import "spectest" "finite_wasm_gas" (func $finite_wasm_gas (;0;) (type 3)))
  (import "spectest" "finite_wasm_stack" (func $finite_wasm_stack (;1;) (type 4)))
  (func $addr_limit (;2;) (type 0) (result i32)
    i64.const 8
    i64.const 0
    call $finite_wasm_stack
    i64.const 4
    call $finite_wasm_gas
    memory.size
    i32.const 65536
    i32.mul
  )
  (func (;3;) (type 1) (param $i i32) (param $v i32)
    i64.const 8
    i64.const 1
    call $finite_wasm_stack
    i64.const 1
    call $finite_wasm_gas
    call $addr_limit
    i64.const 4
    call $finite_wasm_gas
    local.get $i
    i32.add
    local.get $v
    i32.store
    i64.const 1
    call $finite_wasm_gas
  )
  (func (;4;) (type 2) (param $i i32) (result i32)
    i64.const 8
    i64.const 0
    call $finite_wasm_stack
    i64.const 1
    call $finite_wasm_gas
    call $addr_limit
    i64.const 3
    call $finite_wasm_gas
    local.get $i
    i32.add
    i32.load
    i64.const 1
    call $finite_wasm_gas
  )
  (func (;5;) (type 2) (param i32) (result i32)
    i64.const 4
    i64.const 0
    call $finite_wasm_stack
    i64.const 1
    call $finite_wasm_gas
    local.get 0
    i64.const 1
    call $finite_wasm_gas
    memory.grow
    i64.const 1
    call $finite_wasm_gas
  )
  (memory (;0;) 1)
  (export "store" (func 3))
  (export "load" (func 4))
  (export "memory.grow" (func 5))
)
(assert_return (invoke "store" (i32.const -4) (i32.const 42)))
(assert_return (invoke "load" (i32.const -4)) (i32.const 42))
(assert_trap (invoke "store" (i32.const -3) (i32.const 0x12345678)) "out of bounds memory access")
(assert_trap (invoke "load" (i32.const -3)) "out of bounds memory access")
(assert_trap (invoke "store" (i32.const -2) (i32.const 13)) "out of bounds memory access")
(assert_trap (invoke "load" (i32.const -2)) "out of bounds memory access")
(assert_trap (invoke "store" (i32.const -1) (i32.const 13)) "out of bounds memory access")
(assert_trap (invoke "load" (i32.const -1)) "out of bounds memory access")
(assert_trap (invoke "store" (i32.const 0) (i32.const 13)) "out of bounds memory access")
(assert_trap (invoke "load" (i32.const 0)) "out of bounds memory access")
(assert_trap (invoke "store" (i32.const 0x80000000) (i32.const 13)) "out of bounds memory access")
(assert_trap (invoke "load" (i32.const 0x80000000)) "out of bounds memory access")
(assert_return (invoke "memory.grow" (i32.const 0x10001)) (i32.const -1))

(module
  (type (;0;) (func (param i32) (result i32)))
  (type (;1;) (func (param i32) (result i64)))
  (type (;2;) (func (param i32) (result f32)))
  (type (;3;) (func (param i32) (result f64)))
  (type (;4;) (func (param i32 i32)))
  (type (;5;) (func (param i32 i64)))
  (type (;6;) (func (param i32 f32)))
  (type (;7;) (func (param i32 f64)))
  (type (;8;) (func (param i64)))
  (type (;9;) (func (param i64 i64)))
  (import "spectest" "finite_wasm_gas" (func (;0;) (type 8)))
  (import "spectest" "finite_wasm_stack" (func (;1;) (type 9)))
  (func (;2;) (type 0) (param $a i32) (result i32)
    i64.const 4
    i64.const 0
    call 1
    i64.const 2
    call 0
    local.get $a
    i32.load
    i64.const 1
    call 0
  )
  (func (;3;) (type 1) (param $a i32) (result i64)
    i64.const 8
    i64.const 0
    call 1
    i64.const 2
    call 0
    local.get $a
    i64.load
    i64.const 1
    call 0
  )
  (func (;4;) (type 2) (param $a i32) (result f32)
    i64.const 4
    i64.const 0
    call 1
    i64.const 2
    call 0
    local.get $a
    f32.load
    i64.const 1
    call 0
  )
  (func (;5;) (type 3) (param $a i32) (result f64)
    i64.const 8
    i64.const 0
    call 1
    i64.const 2
    call 0
    local.get $a
    f64.load
    i64.const 1
    call 0
  )
  (func (;6;) (type 0) (param $a i32) (result i32)
    i64.const 4
    i64.const 0
    call 1
    i64.const 2
    call 0
    local.get $a
    i32.load8_s
    i64.const 1
    call 0
  )
  (func (;7;) (type 0) (param $a i32) (result i32)
    i64.const 4
    i64.const 0
    call 1
    i64.const 2
    call 0
    local.get $a
    i32.load8_u
    i64.const 1
    call 0
  )
  (func (;8;) (type 0) (param $a i32) (result i32)
    i64.const 4
    i64.const 0
    call 1
    i64.const 2
    call 0
    local.get $a
    i32.load16_s
    i64.const 1
    call 0
  )
  (func (;9;) (type 0) (param $a i32) (result i32)
    i64.const 4
    i64.const 0
    call 1
    i64.const 2
    call 0
    local.get $a
    i32.load16_u
    i64.const 1
    call 0
  )
  (func (;10;) (type 1) (param $a i32) (result i64)
    i64.const 8
    i64.const 0
    call 1
    i64.const 2
    call 0
    local.get $a
    i64.load8_s
    i64.const 1
    call 0
  )
  (func (;11;) (type 1) (param $a i32) (result i64)
    i64.const 8
    i64.const 0
    call 1
    i64.const 2
    call 0
    local.get $a
    i64.load8_u
    i64.const 1
    call 0
  )
  (func (;12;) (type 1) (param $a i32) (result i64)
    i64.const 8
    i64.const 0
    call 1
    i64.const 2
    call 0
    local.get $a
    i64.load16_s
    i64.const 1
    call 0
  )
  (func (;13;) (type 1) (param $a i32) (result i64)
    i64.const 8
    i64.const 0
    call 1
    i64.const 2
    call 0
    local.get $a
    i64.load16_u
    i64.const 1
    call 0
  )
  (func (;14;) (type 1) (param $a i32) (result i64)
    i64.const 8
    i64.const 0
    call 1
    i64.const 2
    call 0
    local.get $a
    i64.load32_s
    i64.const 1
    call 0
  )
  (func (;15;) (type 1) (param $a i32) (result i64)
    i64.const 8
    i64.const 0
    call 1
    i64.const 2
    call 0
    local.get $a
    i64.load32_u
    i64.const 1
    call 0
  )
  (func (;16;) (type 4) (param $a i32) (param $v i32)
    i64.const 8
    i64.const 1
    call 1
    i64.const 3
    call 0
    local.get $a
    local.get $v
    i32.store
    i64.const 1
    call 0
  )
  (func (;17;) (type 5) (param $a i32) (param $v i64)
    i64.const 12
    i64.const 1
    call 1
    i64.const 3
    call 0
    local.get $a
    local.get $v
    i64.store
    i64.const 1
    call 0
  )
  (func (;18;) (type 6) (param $a i32) (param $v f32)
    i64.const 8
    i64.const 1
    call 1
    i64.const 3
    call 0
    local.get $a
    local.get $v
    f32.store
    i64.const 1
    call 0
  )
  (func (;19;) (type 7) (param $a i32) (param $v f64)
    i64.const 12
    i64.const 1
    call 1
    i64.const 3
    call 0
    local.get $a
    local.get $v
    f64.store
    i64.const 1
    call 0
  )
  (func (;20;) (type 4) (param $a i32) (param $v i32)
    i64.const 8
    i64.const 1
    call 1
    i64.const 3
    call 0
    local.get $a
    local.get $v
    i32.store8
    i64.const 1
    call 0
  )
  (func (;21;) (type 4) (param $a i32) (param $v i32)
    i64.const 8
    i64.const 1
    call 1
    i64.const 3
    call 0
    local.get $a
    local.get $v
    i32.store16
    i64.const 1
    call 0
  )
  (func (;22;) (type 5) (param $a i32) (param $v i64)
    i64.const 12
    i64.const 1
    call 1
    i64.const 3
    call 0
    local.get $a
    local.get $v
    i64.store8
    i64.const 1
    call 0
  )
  (func (;23;) (type 5) (param $a i32) (param $v i64)
    i64.const 12
    i64.const 1
    call 1
    i64.const 3
    call 0
    local.get $a
    local.get $v
    i64.store16
    i64.const 1
    call 0
  )
  (func (;24;) (type 5) (param $a i32) (param $v i64)
    i64.const 12
    i64.const 1
    call 1
    i64.const 3
    call 0
    local.get $a
    local.get $v
    i64.store32
    i64.const 1
    call 0
  )
  (memory (;0;) 1)
  (export "i32.load" (func 2))
  (export "i64.load" (func 3))
  (export "f32.load" (func 4))
  (export "f64.load" (func 5))
  (export "i32.load8_s" (func 6))
  (export "i32.load8_u" (func 7))
  (export "i32.load16_s" (func 8))
  (export "i32.load16_u" (func 9))
  (export "i64.load8_s" (func 10))
  (export "i64.load8_u" (func 11))
  (export "i64.load16_s" (func 12))
  (export "i64.load16_u" (func 13))
  (export "i64.load32_s" (func 14))
  (export "i64.load32_u" (func 15))
  (export "i32.store" (func 16))
  (export "i64.store" (func 17))
  (export "f32.store" (func 18))
  (export "f64.store" (func 19))
  (export "i32.store8" (func 20))
  (export "i32.store16" (func 21))
  (export "i64.store8" (func 22))
  (export "i64.store16" (func 23))
  (export "i64.store32" (func 24))
  (data (;0;) (i32.const 0) "abcdefgh")
  (data (;1;) (i32.const 65528) "abcdefgh")
)
(assert_trap (invoke "i32.store" (i32.const 0x10000) (i32.const 0)) "out of bounds memory access")
(assert_trap (invoke "i32.store" (i32.const 0xffff) (i32.const 0)) "out of bounds memory access")
(assert_trap (invoke "i32.store" (i32.const 0xfffe) (i32.const 0)) "out of bounds memory access")
(assert_trap (invoke "i32.store" (i32.const 0xfffd) (i32.const 0)) "out of bounds memory access")
(assert_trap (invoke "i32.store" (i32.const -1) (i32.const 0)) "out of bounds memory access")
(assert_trap (invoke "i32.store" (i32.const -2) (i32.const 0)) "out of bounds memory access")
(assert_trap (invoke "i32.store" (i32.const -3) (i32.const 0)) "out of bounds memory access")
(assert_trap (invoke "i32.store" (i32.const -4) (i32.const 0)) "out of bounds memory access")
(assert_trap (invoke "i64.store" (i32.const 0x10000) (i64.const 0)) "out of bounds memory access")
(assert_trap (invoke "i64.store" (i32.const 0xffff) (i64.const 0)) "out of bounds memory access")
(assert_trap (invoke "i64.store" (i32.const 0xfffe) (i64.const 0)) "out of bounds memory access")
(assert_trap (invoke "i64.store" (i32.const 0xfffd) (i64.const 0)) "out of bounds memory access")
(assert_trap (invoke "i64.store" (i32.const 0xfffc) (i64.const 0)) "out of bounds memory access")
(assert_trap (invoke "i64.store" (i32.const 0xfffb) (i64.const 0)) "out of bounds memory access")
(assert_trap (invoke "i64.store" (i32.const 0xfffa) (i64.const 0)) "out of bounds memory access")
(assert_trap (invoke "i64.store" (i32.const 0xfff9) (i64.const 0)) "out of bounds memory access")
(assert_trap (invoke "i64.store" (i32.const -1) (i64.const 0)) "out of bounds memory access")
(assert_trap (invoke "i64.store" (i32.const -2) (i64.const 0)) "out of bounds memory access")
(assert_trap (invoke "i64.store" (i32.const -3) (i64.const 0)) "out of bounds memory access")
(assert_trap (invoke "i64.store" (i32.const -4) (i64.const 0)) "out of bounds memory access")
(assert_trap (invoke "i64.store" (i32.const -5) (i64.const 0)) "out of bounds memory access")
(assert_trap (invoke "i64.store" (i32.const -6) (i64.const 0)) "out of bounds memory access")
(assert_trap (invoke "i64.store" (i32.const -7) (i64.const 0)) "out of bounds memory access")
(assert_trap (invoke "i64.store" (i32.const -8) (i64.const 0)) "out of bounds memory access")
(assert_trap (invoke "f32.store" (i32.const 0x10000) (f32.const 0)) "out of bounds memory access")
(assert_trap (invoke "f32.store" (i32.const 0xffff) (f32.const 0)) "out of bounds memory access")
(assert_trap (invoke "f32.store" (i32.const 0xfffe) (f32.const 0)) "out of bounds memory access")
(assert_trap (invoke "f32.store" (i32.const 0xfffd) (f32.const 0)) "out of bounds memory access")
(assert_trap (invoke "f32.store" (i32.const -1) (f32.const 0)) "out of bounds memory access")
(assert_trap (invoke "f32.store" (i32.const -2) (f32.const 0)) "out of bounds memory access")
(assert_trap (invoke "f32.store" (i32.const -3) (f32.const 0)) "out of bounds memory access")
(assert_trap (invoke "f32.store" (i32.const -4) (f32.const 0)) "out of bounds memory access")
(assert_trap (invoke "f64.store" (i32.const 0x10000) (f64.const 0)) "out of bounds memory access")
(assert_trap (invoke "f64.store" (i32.const 0xffff) (f64.const 0)) "out of bounds memory access")
(assert_trap (invoke "f64.store" (i32.const 0xfffe) (f64.const 0)) "out of bounds memory access")
(assert_trap (invoke "f64.store" (i32.const 0xfffd) (f64.const 0)) "out of bounds memory access")
(assert_trap (invoke "f64.store" (i32.const 0xfffc) (f64.const 0)) "out of bounds memory access")
(assert_trap (invoke "f64.store" (i32.const 0xfffb) (f64.const 0)) "out of bounds memory access")
(assert_trap (invoke "f64.store" (i32.const 0xfffa) (f64.const 0)) "out of bounds memory access")
(assert_trap (invoke "f64.store" (i32.const 0xfff9) (f64.const 0)) "out of bounds memory access")
(assert_trap (invoke "f64.store" (i32.const -1) (f64.const 0)) "out of bounds memory access")
(assert_trap (invoke "f64.store" (i32.const -2) (f64.const 0)) "out of bounds memory access")
(assert_trap (invoke "f64.store" (i32.const -3) (f64.const 0)) "out of bounds memory access")
(assert_trap (invoke "f64.store" (i32.const -4) (f64.const 0)) "out of bounds memory access")
(assert_trap (invoke "f64.store" (i32.const -5) (f64.const 0)) "out of bounds memory access")
(assert_trap (invoke "f64.store" (i32.const -6) (f64.const 0)) "out of bounds memory access")
(assert_trap (invoke "f64.store" (i32.const -7) (f64.const 0)) "out of bounds memory access")
(assert_trap (invoke "f64.store" (i32.const -8) (f64.const 0)) "out of bounds memory access")
(assert_trap (invoke "i32.store8" (i32.const 0x10000) (i32.const 0)) "out of bounds memory access")
(assert_trap (invoke "i32.store8" (i32.const -1) (i32.const 0)) "out of bounds memory access")
(assert_trap (invoke "i32.store16" (i32.const 0x10000) (i32.const 0)) "out of bounds memory access")
(assert_trap (invoke "i32.store16" (i32.const 0xffff) (i32.const 0)) "out of bounds memory access")
(assert_trap (invoke "i32.store16" (i32.const -1) (i32.const 0)) "out of bounds memory access")
(assert_trap (invoke "i32.store16" (i32.const -2) (i32.const 0)) "out of bounds memory access")
(assert_trap (invoke "i64.store8" (i32.const 0x10000) (i64.const 0)) "out of bounds memory access")
(assert_trap (invoke "i64.store8" (i32.const -1) (i64.const 0)) "out of bounds memory access")
(assert_trap (invoke "i64.store16" (i32.const 0x10000) (i64.const 0)) "out of bounds memory access")
(assert_trap (invoke "i64.store16" (i32.const 0xffff) (i64.const 0)) "out of bounds memory access")
(assert_trap (invoke "i64.store16" (i32.const -1) (i64.const 0)) "out of bounds memory access")
(assert_trap (invoke "i64.store16" (i32.const -2) (i64.const 0)) "out of bounds memory access")
(assert_trap (invoke "i64.store32" (i32.const 0x10000) (i64.const 0)) "out of bounds memory access")
(assert_trap (invoke "i64.store32" (i32.const 0xffff) (i64.const 0)) "out of bounds memory access")
(assert_trap (invoke "i64.store32" (i32.const 0xfffe) (i64.const 0)) "out of bounds memory access")
(assert_trap (invoke "i64.store32" (i32.const 0xfffd) (i64.const 0)) "out of bounds memory access")
(assert_trap (invoke "i64.store32" (i32.const -1) (i64.const 0)) "out of bounds memory access")
(assert_trap (invoke "i64.store32" (i32.const -2) (i64.const 0)) "out of bounds memory access")
(assert_trap (invoke "i64.store32" (i32.const -3) (i64.const 0)) "out of bounds memory access")
(assert_trap (invoke "i64.store32" (i32.const -4) (i64.const 0)) "out of bounds memory access")
(assert_trap (invoke "i32.load" (i32.const 0x10000)) "out of bounds memory access")
(assert_trap (invoke "i32.load" (i32.const 0xffff)) "out of bounds memory access")
(assert_trap (invoke "i32.load" (i32.const 0xfffe)) "out of bounds memory access")
(assert_trap (invoke "i32.load" (i32.const 0xfffd)) "out of bounds memory access")
(assert_trap (invoke "i32.load" (i32.const -1)) "out of bounds memory access")
(assert_trap (invoke "i32.load" (i32.const -2)) "out of bounds memory access")
(assert_trap (invoke "i32.load" (i32.const -3)) "out of bounds memory access")
(assert_trap (invoke "i32.load" (i32.const -4)) "out of bounds memory access")
(assert_trap (invoke "i64.load" (i32.const 0x10000)) "out of bounds memory access")
(assert_trap (invoke "i64.load" (i32.const 0xffff)) "out of bounds memory access")
(assert_trap (invoke "i64.load" (i32.const 0xfffe)) "out of bounds memory access")
(assert_trap (invoke "i64.load" (i32.const 0xfffd)) "out of bounds memory access")
(assert_trap (invoke "i64.load" (i32.const 0xfffc)) "out of bounds memory access")
(assert_trap (invoke "i64.load" (i32.const 0xfffb)) "out of bounds memory access")
(assert_trap (invoke "i64.load" (i32.const 0xfffa)) "out of bounds memory access")
(assert_trap (invoke "i64.load" (i32.const 0xfff9)) "out of bounds memory access")
(assert_trap (invoke "i64.load" (i32.const -1)) "out of bounds memory access")
(assert_trap (invoke "i64.load" (i32.const -2)) "out of bounds memory access")
(assert_trap (invoke "i64.load" (i32.const -3)) "out of bounds memory access")
(assert_trap (invoke "i64.load" (i32.const -4)) "out of bounds memory access")
(assert_trap (invoke "i64.load" (i32.const -5)) "out of bounds memory access")
(assert_trap (invoke "i64.load" (i32.const -6)) "out of bounds memory access")
(assert_trap (invoke "i64.load" (i32.const -7)) "out of bounds memory access")
(assert_trap (invoke "i64.load" (i32.const -8)) "out of bounds memory access")
(assert_trap (invoke "f32.load" (i32.const 0x10000)) "out of bounds memory access")
(assert_trap (invoke "f32.load" (i32.const 0xffff)) "out of bounds memory access")
(assert_trap (invoke "f32.load" (i32.const 0xfffe)) "out of bounds memory access")
(assert_trap (invoke "f32.load" (i32.const 0xfffd)) "out of bounds memory access")
(assert_trap (invoke "f32.load" (i32.const -1)) "out of bounds memory access")
(assert_trap (invoke "f32.load" (i32.const -2)) "out of bounds memory access")
(assert_trap (invoke "f32.load" (i32.const -3)) "out of bounds memory access")
(assert_trap (invoke "f32.load" (i32.const -4)) "out of bounds memory access")
(assert_trap (invoke "f64.load" (i32.const 0x10000)) "out of bounds memory access")
(assert_trap (invoke "f64.load" (i32.const 0xffff)) "out of bounds memory access")
(assert_trap (invoke "f64.load" (i32.const 0xfffe)) "out of bounds memory access")
(assert_trap (invoke "f64.load" (i32.const 0xfffd)) "out of bounds memory access")
(assert_trap (invoke "f64.load" (i32.const 0xfffc)) "out of bounds memory access")
(assert_trap (invoke "f64.load" (i32.const 0xfffb)) "out of bounds memory access")
(assert_trap (invoke "f64.load" (i32.const 0xfffa)) "out of bounds memory access")
(assert_trap (invoke "f64.load" (i32.const 0xfff9)) "out of bounds memory access")
(assert_trap (invoke "f64.load" (i32.const -1)) "out of bounds memory access")
(assert_trap (invoke "f64.load" (i32.const -2)) "out of bounds memory access")
(assert_trap (invoke "f64.load" (i32.const -3)) "out of bounds memory access")
(assert_trap (invoke "f64.load" (i32.const -4)) "out of bounds memory access")
(assert_trap (invoke "f64.load" (i32.const -5)) "out of bounds memory access")
(assert_trap (invoke "f64.load" (i32.const -6)) "out of bounds memory access")
(assert_trap (invoke "f64.load" (i32.const -7)) "out of bounds memory access")
(assert_trap (invoke "f64.load" (i32.const -8)) "out of bounds memory access")
(assert_trap (invoke "i32.load8_s" (i32.const 0x10000)) "out of bounds memory access")
(assert_trap (invoke "i32.load8_s" (i32.const -1)) "out of bounds memory access")
(assert_trap (invoke "i32.load8_u" (i32.const 0x10000)) "out of bounds memory access")
(assert_trap (invoke "i32.load8_u" (i32.const -1)) "out of bounds memory access")
(assert_trap (invoke "i32.load16_s" (i32.const 0x10000)) "out of bounds memory access")
(assert_trap (invoke "i32.load16_s" (i32.const 0xffff)) "out of bounds memory access")
(assert_trap (invoke "i32.load16_s" (i32.const -1)) "out of bounds memory access")
(assert_trap (invoke "i32.load16_s" (i32.const -2)) "out of bounds memory access")
(assert_trap (invoke "i32.load16_u" (i32.const 0x10000)) "out of bounds memory access")
(assert_trap (invoke "i32.load16_u" (i32.const 0xffff)) "out of bounds memory access")
(assert_trap (invoke "i32.load16_u" (i32.const -1)) "out of bounds memory access")
(assert_trap (invoke "i32.load16_u" (i32.const -2)) "out of bounds memory access")
(assert_trap (invoke "i64.load8_s" (i32.const 0x10000)) "out of bounds memory access")
(assert_trap (invoke "i64.load8_s" (i32.const -1)) "out of bounds memory access")
(assert_trap (invoke "i64.load8_u" (i32.const 0x10000)) "out of bounds memory access")
(assert_trap (invoke "i64.load8_u" (i32.const -1)) "out of bounds memory access")
(assert_trap (invoke "i64.load16_s" (i32.const 0x10000)) "out of bounds memory access")
(assert_trap (invoke "i64.load16_s" (i32.const 0xffff)) "out of bounds memory access")
(assert_trap (invoke "i64.load16_s" (i32.const -1)) "out of bounds memory access")
(assert_trap (invoke "i64.load16_s" (i32.const -2)) "out of bounds memory access")
(assert_trap (invoke "i64.load16_u" (i32.const 0x10000)) "out of bounds memory access")
(assert_trap (invoke "i64.load16_u" (i32.const 0xffff)) "out of bounds memory access")
(assert_trap (invoke "i64.load16_u" (i32.const -1)) "out of bounds memory access")
(assert_trap (invoke "i64.load16_u" (i32.const -2)) "out of bounds memory access")
(assert_trap (invoke "i64.load32_s" (i32.const 0x10000)) "out of bounds memory access")
(assert_trap (invoke "i64.load32_s" (i32.const 0xffff)) "out of bounds memory access")
(assert_trap (invoke "i64.load32_s" (i32.const 0xfffe)) "out of bounds memory access")
(assert_trap (invoke "i64.load32_s" (i32.const 0xfffd)) "out of bounds memory access")
(assert_trap (invoke "i64.load32_s" (i32.const -1)) "out of bounds memory access")
(assert_trap (invoke "i64.load32_s" (i32.const -2)) "out of bounds memory access")
(assert_trap (invoke "i64.load32_s" (i32.const -3)) "out of bounds memory access")
(assert_trap (invoke "i64.load32_s" (i32.const -4)) "out of bounds memory access")
(assert_trap (invoke "i64.load32_u" (i32.const 0x10000)) "out of bounds memory access")
(assert_trap (invoke "i64.load32_u" (i32.const 0xffff)) "out of bounds memory access")
(assert_trap (invoke "i64.load32_u" (i32.const 0xfffe)) "out of bounds memory access")
(assert_trap (invoke "i64.load32_u" (i32.const 0xfffd)) "out of bounds memory access")
(assert_trap (invoke "i64.load32_u" (i32.const -1)) "out of bounds memory access")
(assert_trap (invoke "i64.load32_u" (i32.const -2)) "out of bounds memory access")
(assert_trap (invoke "i64.load32_u" (i32.const -3)) "out of bounds memory access")
(assert_trap (invoke "i64.load32_u" (i32.const -4)) "out of bounds memory access")

;; No memory was changed
(assert_return (invoke "i64.load" (i32.const 0xfff8)) (i64.const 0x6867666564636261))
(assert_return (invoke "i64.load" (i32.const 0)) (i64.const 0x6867666564636261))

;; Check that out of bounds store do not store partial data.
;; Zero last 8 bytes.
(assert_return (invoke "i64.store" (i32.const 0xfff8) (i64.const 0)))
(assert_trap (invoke "i32.store" (i32.const 0xfffd) (i32.const 0x12345678)) "out of bounds memory access")
(assert_return (invoke "i32.load" (i32.const 0xfffc)) (i32.const 0))
(assert_trap (invoke "i64.store" (i32.const 0xfff9) (i64.const 0x1234567890abcdef)) "out of bounds memory access")
(assert_return (invoke "i64.load" (i32.const 0xfff8)) (i64.const 0))
(assert_trap (invoke "f32.store" (i32.const 0xfffd) (f32.const 0x12345678)) "out of bounds memory access")
(assert_return (invoke "f32.load" (i32.const 0xfffc)) (f32.const 0))
(assert_trap (invoke "f64.store" (i32.const 0xfff9) (f64.const 0x1234567890abcdef)) "out of bounds memory access")
(assert_return (invoke "f64.load" (i32.const 0xfff8)) (f64.const 0))
