(module
  (type (;0;) (func (param i32) (result i32)))
  (type (;1;) (func (param i32 i32) (result i32)))
  (type (;2;) (func (param i64)))
  (import "spectest" "finite_wasm_gas" (func (;0;) (type 2)))
  (import "spectest" "finite_wasm_stack" (func (;1;) (type 2)))
  (func (;2;) (type 0) (param i32) (result i32)
    i64.const 1000000000004
    call 1
    local.get 0
    i64.const 1
    call 0
    memory.grow
    i64.const 1
    call 0
    end
    i64.const 1
    call 0
  )
  (func (;3;) (type 1) (param i32 i32) (result i32)
    (local i32)
    i64.const 1000002000008
    call 1
    i32.const 1
    i64.const 3
    call 0
    local.set 2
    block ;; label = @1
      loop ;; label = @2
        i64.const 1
        call 0
        local.get 0
        i64.const 1
        call 0
        i32.load8_u
        i64.const 1
        call 0
        local.set 2
        i64.const 4
        call 0
        local.get 2
        i32.const 0
        i32.ne
        br_if 1 (;@1;)
        i64.const 1
        call 0
        local.get 0
        i64.const 3
        call 0
        local.get 1
        i32.ge_u
        br_if 1 (;@1;)
        i64.const 1
        call 0
        local.get 0
        i64.const 7
        call 0
        i32.const 1
        i32.add
        local.set 0
        local.get 0
        local.get 1
        i32.le_u
        br_if 0 (;@2;)
        i64.const 1
        call 0
      end
      i64.const 1
      call 0
    end
    i64.const 1
    call 0
    local.get 2
    i64.const 2
    call 0
  )
  (memory (;0;) 1)
  (export "grow" (func 2))
  (export "check-memory-zero" (func 3))
)