(module
  (type (;0;) (func))
  (type (;1;) (func (param i64)))
  (import "spectest" "finite_wasm_gas" (func (;0;) (type 1)))
  (import "spectest" "finite_wasm_stack" (func (;1;) (type 1)))
  (func (;2;) (type 0)
    i64.const 1000000000012
    call 1
    data.drop 0
    i64.const 4
    call 0
    i32.const 1234
    i32.const 1
    i32.const 1
    memory.init 0
    i64.const 1
    call 0
    end
    i64.const 1
    call 0
  )
  (memory (;0;) 1)
  (export "test" (func 2))
  (data (;0;) "7")
)