(module
  (type (;0;) (func (param i64) (result i64)))
  (type (;1;) (func (result i32)))
  (type (;2;) (func))
  (type (;3;) (func (param i64)))
  (import "spectest" "finite_wasm_gas" (func (;0;) (type 3)))
  (import "spectest" "finite_wasm_stack" (func (;1;) (type 3)))
  (func (;2;) (type 0) (param $n i64) (result i64)
    (local $i i64) (local $res i64)
    local.get $n
    local.set $i
    i64.const 1
    local.set $res
    block $done ;; label = @1
      loop $loop ;; label = @2
        local.get $i
        i64.const 0
        i64.eq
        if ;; label = @3
          br 2 (;@1;)
        else
          local.get $i
          local.get $res
          i64.mul
          local.set $res
          local.get $i
          i64.const 1
          i64.sub
          local.set $i
        end
        br 0 (;@2;)
      end
    end
    local.get $res
  )
  (func (;3;) (type 0) (param $n i64) (result i64)
    (local $i i64) (local $res i64)
    local.get $n
    local.set $i
    i64.const 1
    local.set $res
    block $done ;; label = @1
      loop $loop ;; label = @2
        local.get $i
        i64.const 0
        i64.eq
        if ;; label = @3
          br 2 (;@1;)
        else
          local.get $i
          local.get $res
          i64.mul
          local.set $res
          local.get $i
          i64.const 1
          i64.sub
          local.set $i
        end
        br 0 (;@2;)
      end
    end
    local.get $res
  )
  (func (;4;) (type 0) (param $n i64) (result i64)
    (local $i i64) (local $res i64)
    local.get $n
    local.set $i
    i64.const 1
    local.set $res
    block $done ;; label = @1
      loop $loop ;; label = @2
        local.get $i
        i64.const 0
        i64.eq
        if $body ;; label = @3
          br 2 (;@1;)
        else
          local.get $i
          local.get $res
          i64.mul
          local.set $res
          local.get $i
          i64.const 1
          i64.sub
          local.set $i
        end
        br 0 (;@2;)
      end
    end
    local.get $res
  )
  (func (;5;) (type 0) (param $n i64) (result i64)
    (local $i i64) (local $res i64)
    local.get $n
    local.set $i
    i64.const 1
    local.set $res
    block $done ;; label = @1
      loop $loop ;; label = @2
        local.get $i
        i64.const 0
        i64.eq
        if ;; label = @3
          br 2 (;@1;)
        else
          local.get $i
          local.get $res
          i64.mul
          local.set $res
          local.get $i
          i64.const 1
          i64.sub
          local.set $i
        end
        br 0 (;@2;)
      end
    end
    local.get $res
  )
  (func (;6;) (type 0) (param $n i64) (result i64)
    (local $i i64) (local $res i64)
    local.get $n
    local.set $i
    i64.const 1
    local.set $res
    block $done ;; label = @1
      loop $loop ;; label = @2
        local.get $i
        i64.const 0
        i64.eq
        if ;; label = @3
          br 2 (;@1;)
        else
          local.get $i
          local.get $res
          i64.mul
          local.set $res
          local.get $i
          i64.const 1
          i64.sub
          local.set $i
        end
        br 0 (;@2;)
      end
    end
    local.get $res
  )
  (func $add_one_to_global (;7;) (type 1) (result i32)
    (local i32)
    i32.const 1
    global.get $temp
    i32.add
    global.set $temp
    global.get $temp
  )
  (func $add_one_to_global_and_drop (;8;) (type 2)
    call $add_one_to_global
    drop
  )
  (func (;9;) (type 1) (result i32)
    call $add_one_to_global
    call $add_one_to_global
    call $add_one_to_global_and_drop
    i32.add
  )
  (global $temp (;0;) (mut i32) i32.const 0)
  (export "fac-expr" (func 2))
  (export "fac-stack" (func 3))
  (export "fac-stack-raw" (func 4))
  (export "fac-mixed" (func 5))
  (export "fac-mixed-raw" (func 6))
  (export "not-quite-a-tree" (func 9))
)