(module
  (type (;0;) (func (param i64)))
  (import "spectest" "finite_wasm_gas" (func (;0;) (type 0)))
  (import "spectest" "finite_wasm_stack" (func (;1;) (type 0)))
  (table (;0;) 0 65536 funcref)
)