(module
  (type (;0;) (func (result i32)))
  (type (;1;) (func (param i32) (result i32)))
  (type (;2;) (func (param i32 i32 i32)))
  (type (;3;) (func (param i64)))
  (import "spectest" "finite_wasm_gas" (func (;0;) (type 3)))
  (import "spectest" "finite_wasm_stack" (func (;1;) (type 3)))
  (func $f0 (;2;) (type 0) (result i32)
    i32.const 0
  )
  (func $f1 (;3;) (type 0) (result i32)
    i32.const 1
  )
  (func $f2 (;4;) (type 0) (result i32)
    i32.const 2
  )
  (func $f3 (;5;) (type 0) (result i32)
    i32.const 3
  )
  (func $f4 (;6;) (type 0) (result i32)
    i32.const 4
  )
  (func $f5 (;7;) (type 0) (result i32)
    i32.const 5
  )
  (func $f6 (;8;) (type 0) (result i32)
    i32.const 6
  )
  (func $f7 (;9;) (type 0) (result i32)
    i32.const 7
  )
  (func $f8 (;10;) (type 0) (result i32)
    i32.const 8
  )
  (func $f9 (;11;) (type 0) (result i32)
    i32.const 9
  )
  (func $f10 (;12;) (type 0) (result i32)
    i32.const 10
  )
  (func $f11 (;13;) (type 0) (result i32)
    i32.const 11
  )
  (func $f12 (;14;) (type 0) (result i32)
    i32.const 12
  )
  (func $f13 (;15;) (type 0) (result i32)
    i32.const 13
  )
  (func $f14 (;16;) (type 0) (result i32)
    i32.const 14
  )
  (func $f15 (;17;) (type 0) (result i32)
    i32.const 15
  )
  (func (;18;) (type 1) (param $n i32) (result i32)
    local.get $n
    call_indirect (type 0)
  )
  (func (;19;) (type 2) (param $targetOffs i32) (param $srcOffs i32) (param $len i32)
    local.get $targetOffs
    local.get $srcOffs
    local.get $len
    table.copy
  )
  (table (;0;) 32 64 funcref)
  (export "f0" (func $f0))
  (export "f1" (func $f1))
  (export "f2" (func $f2))
  (export "f3" (func $f3))
  (export "f4" (func $f4))
  (export "f5" (func $f5))
  (export "f6" (func $f6))
  (export "f7" (func $f7))
  (export "f8" (func $f8))
  (export "f9" (func $f9))
  (export "f10" (func $f10))
  (export "f11" (func $f11))
  (export "f12" (func $f12))
  (export "f13" (func $f13))
  (export "f14" (func $f14))
  (export "f15" (func $f15))
  (export "test" (func 18))
  (export "run" (func 19))
  (elem (;0;) (i32.const 0) func)
)