(module
  (type (;0;) (func (param i32 externref i32)))
  (type (;1;) (func (param i32) (result externref)))
  (type (;2;) (func (param i64)))
  (import "spectest" "finite_wasm_gas" (func (;0;) (type 2)))
  (import "spectest" "finite_wasm_stack" (func (;1;) (type 2)))
  (func (;2;) (type 0) (param $i i32) (param $r externref) (param $n i32)
    i64.const 1000002000040
    call 1
    i64.const 3
    call 0
    local.get $i
    local.get $r
    local.get $n
    i64.const 1
    call 0
    table.fill $t
    i64.const 1
    call 0
  )
  (func (;3;) (type 1) (param $i i32) (result externref)
    i64.const 1000000000032
    call 1
    i64.const 3
    call 0
    local.get $i
    table.get $t
  )
  (table $t (;0;) 10 externref)
  (export "fill" (func 2))
  (export "get" (func 3))
)
(assert_return (invoke "get" (i32.const 1)) (ref.null extern))
(assert_return (invoke "get" (i32.const 2)) (ref.null extern))
(assert_return (invoke "get" (i32.const 3)) (ref.null extern))
(assert_return (invoke "get" (i32.const 4)) (ref.null extern))
(assert_return (invoke "get" (i32.const 5)) (ref.null extern))

(assert_return (invoke "fill" (i32.const 2) (ref.extern 1) (i32.const 3)))
(assert_return (invoke "get" (i32.const 1)) (ref.null extern))
(assert_return (invoke "get" (i32.const 2)) (ref.extern 1))
(assert_return (invoke "get" (i32.const 3)) (ref.extern 1))
(assert_return (invoke "get" (i32.const 4)) (ref.extern 1))
(assert_return (invoke "get" (i32.const 5)) (ref.null extern))

(assert_return (invoke "fill" (i32.const 4) (ref.extern 2) (i32.const 2)))
(assert_return (invoke "get" (i32.const 3)) (ref.extern 1))
(assert_return (invoke "get" (i32.const 4)) (ref.extern 2))
(assert_return (invoke "get" (i32.const 5)) (ref.extern 2))
(assert_return (invoke "get" (i32.const 6)) (ref.null extern))

(assert_return (invoke "fill" (i32.const 4) (ref.extern 3) (i32.const 0)))
(assert_return (invoke "get" (i32.const 3)) (ref.extern 1))
(assert_return (invoke "get" (i32.const 4)) (ref.extern 2))
(assert_return (invoke "get" (i32.const 5)) (ref.extern 2))

(assert_return (invoke "fill" (i32.const 8) (ref.extern 4) (i32.const 2)))
(assert_return (invoke "get" (i32.const 7)) (ref.null extern))
(assert_return (invoke "get" (i32.const 8)) (ref.extern 4))
(assert_return (invoke "get" (i32.const 9)) (ref.extern 4))

(assert_return (invoke "fill" (i32.const 9) (ref.null extern) (i32.const 1)))
(assert_return (invoke "get" (i32.const 8)) (ref.extern 4))
(assert_return (invoke "get" (i32.const 9)) (ref.null extern))

(assert_return (invoke "fill" (i32.const 10) (ref.extern 5) (i32.const 0)))
(assert_return (invoke "get" (i32.const 9)) (ref.null extern))

(assert_trap
  (invoke "fill" (i32.const 8) (ref.extern 6) (i32.const 3))
  "out of bounds table access"
)
(assert_return (invoke "get" (i32.const 7)) (ref.null extern))
(assert_return (invoke "get" (i32.const 8)) (ref.extern 4))
(assert_return (invoke "get" (i32.const 9)) (ref.null extern))

(assert_trap
  (invoke "fill" (i32.const 11) (ref.null extern) (i32.const 0))
  "out of bounds table access"
)

(assert_trap
  (invoke "fill" (i32.const 11) (ref.null extern) (i32.const 10))
  "out of bounds table access"
)


;; Type errors

