(module
  (type $sig (;0;) (func (param i32 i32 i32)))
  (type (;1;) (func))
  (type (;2;) (func (result i32)))
  (type (;3;) (func (result f64)))
  (type (;4;) (func (result i64)))
  (type (;5;) (func (param i32 i32) (result i32)))
  (type (;6;) (func (result f32)))
  (type (;7;) (func (param i64)))
  (type (;8;) (func (param i64 i64)))
  (import "spectest" "finite_wasm_gas" (func $finite_wasm_gas (;0;) (type 7)))
  (import "spectest" "finite_wasm_stack" (func $finite_wasm_stack (;1;) (type 8)))
  (import "spectest" "finite_wasm_unstack" (func $finite_wasm_unstack (;2;) (type 8)))
  (func $dummy (;3;) (type 1))
  (func $dummy3 (;4;) (type $sig) (param i32 i32 i32)
    block ;; label = @1
      i64.const 0
      i64.const 3
      call $finite_wasm_stack
    end
    i64.const 0
    i64.const 3
    call $finite_wasm_unstack
  )
  (func (;5;) (type 2) (result i32)
    i64.const 1
    call $finite_wasm_gas
    unreachable
  )
  (func (;6;) (type 2) (result i32)
    i64.const 1
    call $finite_wasm_gas
    unreachable
  )
  (func (;7;) (type 3) (result f64)
    i64.const 1
    call $finite_wasm_gas
    unreachable
  )
  (func (;8;) (type 3) (result f64)
    i64.const 1
    call $finite_wasm_gas
    unreachable
  )
  (func (;9;) (type 2) (result i32)
    i64.const 1
    call $finite_wasm_gas
    unreachable
    i32.const -1
  )
  (func (;10;) (type 2) (result i32)
    i64.const 1
    call $finite_wasm_gas
    call $dummy
    i64.const 1
    call $finite_wasm_gas
    unreachable
    i32.const -1
  )
  (func (;11;) (type 1)
    i64.const 1
    call $finite_wasm_gas
    call $dummy
    i64.const 1
    call $finite_wasm_gas
    unreachable
  )
  (func (;12;) (type 2) (result i32)
    i64.const 1
    call $finite_wasm_gas
    call $dummy
    i64.const 1
    call $finite_wasm_gas
    unreachable
  )
  (func (;13;) (type 2) (result i32)
    block (result i32) ;; label = @1
      i64.const 4
      i64.const 0
      call $finite_wasm_stack
      i64.const 2
      call $finite_wasm_gas
      block (result i32) ;; label = @2
        unreachable
        i32.const 2
      end
    end
    i64.const 4
    i64.const 0
    call $finite_wasm_unstack
  )
  (func (;14;) (type 2) (result i32)
    block (result i32) ;; label = @1
      i64.const 4
      i64.const 0
      call $finite_wasm_stack
      i64.const 2
      call $finite_wasm_gas
      block (result i32) ;; label = @2
        call $dummy
        i64.const 1
        call $finite_wasm_gas
        unreachable
        i32.const 2
      end
    end
    i64.const 4
    i64.const 0
    call $finite_wasm_unstack
  )
  (func (;15;) (type 1)
    i64.const 3
    call $finite_wasm_gas
    block ;; label = @1
      nop
      call $dummy
      i64.const 1
      call $finite_wasm_gas
      unreachable
    end
  )
  (func (;16;) (type 2) (result i32)
    block (result i32) ;; label = @1
      i64.const 4
      i64.const 0
      call $finite_wasm_stack
      i64.const 3
      call $finite_wasm_gas
      block (result i32) ;; label = @2
        nop
        call $dummy
        i64.const 1
        call $finite_wasm_gas
        unreachable
      end
    end
    i64.const 4
    i64.const 0
    call $finite_wasm_unstack
  )
  (func (;17;) (type 2) (result i32)
    block (result i32) ;; label = @1
      i64.const 4
      i64.const 0
      call $finite_wasm_stack
      i64.const 2
      call $finite_wasm_gas
      block (result i32) ;; label = @2
        call $dummy
        i64.const 2
        call $finite_wasm_gas
        i32.const 1
        br 0 (;@2;)
        unreachable
      end
    end
    i64.const 4
    i64.const 0
    call $finite_wasm_unstack
  )
  (func (;18;) (type 2) (result i32)
    block (result i32) ;; label = @1
      i64.const 4
      i64.const 0
      call $finite_wasm_stack
      i64.const 2
      call $finite_wasm_gas
      loop (result i32) ;; label = @2
        unreachable
        i32.const 2
      end
    end
    i64.const 4
    i64.const 0
    call $finite_wasm_unstack
  )
  (func (;19;) (type 2) (result i32)
    block (result i32) ;; label = @1
      i64.const 4
      i64.const 0
      call $finite_wasm_stack
      i64.const 2
      call $finite_wasm_gas
      loop (result i32) ;; label = @2
        call $dummy
        i64.const 1
        call $finite_wasm_gas
        unreachable
        i32.const 2
      end
    end
    i64.const 4
    i64.const 0
    call $finite_wasm_unstack
  )
  (func (;20;) (type 1)
    i64.const 3
    call $finite_wasm_gas
    loop ;; label = @1
      nop
      call $dummy
      i64.const 1
      call $finite_wasm_gas
      unreachable
    end
  )
  (func (;21;) (type 2) (result i32)
    block (result i32) ;; label = @1
      i64.const 4
      i64.const 0
      call $finite_wasm_stack
      i64.const 3
      call $finite_wasm_gas
      block (result i32) ;; label = @2
        loop (result i32) ;; label = @3
          call $dummy
          i64.const 2
          call $finite_wasm_gas
          i32.const 1
          br 1 (;@2;)
          unreachable
        end
      end
    end
    i64.const 4
    i64.const 0
    call $finite_wasm_unstack
  )
  (func (;22;) (type 2) (result i32)
    block (result i32) ;; label = @1
      i64.const 4
      i64.const 0
      call $finite_wasm_stack
      i64.const 2
      call $finite_wasm_gas
      block (result i32) ;; label = @2
        unreachable
        br 0 (;@2;)
      end
    end
    i64.const 4
    i64.const 0
    call $finite_wasm_unstack
  )
  (func (;23;) (type 1)
    i64.const 2
    call $finite_wasm_gas
    block ;; label = @1
      unreachable
      br_if 0 (;@1;)
    end
  )
  (func (;24;) (type 2) (result i32)
    block (result i32) ;; label = @1
      i64.const 4
      i64.const 0
      call $finite_wasm_stack
      i64.const 2
      call $finite_wasm_gas
      block (result i32) ;; label = @2
        unreachable
        i32.const 1
        br_if 0 (;@2;)
        drop
        i32.const 7
      end
    end
    i64.const 4
    i64.const 0
    call $finite_wasm_unstack
  )
  (func (;25;) (type 2) (result i32)
    block (result i32) ;; label = @1
      i64.const 4
      i64.const 0
      call $finite_wasm_stack
      i64.const 3
      call $finite_wasm_gas
      block (result i32) ;; label = @2
        i32.const 6
        unreachable
        br_if 0 (;@2;)
        drop
        i32.const 7
      end
    end
    i64.const 4
    i64.const 0
    call $finite_wasm_unstack
  )
  (func (;26;) (type 1)
    i64.const 2
    call $finite_wasm_gas
    block ;; label = @1
      unreachable
      br_table 0 (;@1;) 0 (;@1;) 0 (;@1;)
    end
  )
  (func (;27;) (type 2) (result i32)
    block (result i32) ;; label = @1
      i64.const 4
      i64.const 0
      call $finite_wasm_stack
      i64.const 2
      call $finite_wasm_gas
      block (result i32) ;; label = @2
        unreachable
        i32.const 1
        br_table 0 (;@2;) 0 (;@2;) 0 (;@2;)
        i32.const 7
      end
    end
    i64.const 4
    i64.const 0
    call $finite_wasm_unstack
  )
  (func (;28;) (type 2) (result i32)
    block (result i32) ;; label = @1
      i64.const 4
      i64.const 0
      call $finite_wasm_stack
      i64.const 3
      call $finite_wasm_gas
      block (result i32) ;; label = @2
        block (result i32) ;; label = @3
          unreachable
          i32.const 1
          br_table 0 (;@3;) 1 (;@2;)
        end
      end
    end
    i64.const 4
    i64.const 0
    call $finite_wasm_unstack
  )
  (func (;29;) (type 2) (result i32)
    block (result i32) ;; label = @1
      i64.const 4
      i64.const 0
      call $finite_wasm_stack
      i64.const 3
      call $finite_wasm_gas
      block (result i32) ;; label = @2
        i32.const 6
        unreachable
        br_table 0 (;@2;) 0 (;@2;)
        i32.const 7
      end
    end
    i64.const 4
    i64.const 0
    call $finite_wasm_unstack
  )
  (func (;30;) (type 2) (result i32)
    block (result i32) ;; label = @1
      i64.const 4
      i64.const 0
      call $finite_wasm_stack
      i64.const 2
      call $finite_wasm_gas
      block (result i32) ;; label = @2
        unreachable
        br_table 0 (;@2;) 0 (;@2;)
        i32.const 8
      end
    end
    i64.const 4
    i64.const 0
    call $finite_wasm_unstack
  )
  (func (;31;) (type 4) (result i64)
    i64.const 1
    call $finite_wasm_gas
    unreachable
    return
  )
  (func (;32;) (type 2) (result i32)
    i64.const 1
    call $finite_wasm_gas
    unreachable
    if (result i32) ;; label = @1
      i32.const 0
    else
      i32.const 1
    end
  )
  (func (;33;) (type 5) (param i32 i32) (result i32)
    block (result i32) ;; label = @1
      i64.const 4
      i64.const 2
      call $finite_wasm_stack
      i64.const 2
      call $finite_wasm_gas
      local.get 0
      if (result i32) ;; label = @2
        i64.const 1
        call $finite_wasm_gas
        unreachable
      else
        i64.const 1
        call $finite_wasm_gas
        local.get 1
      end
    end
    i64.const 4
    i64.const 2
    call $finite_wasm_unstack
  )
  (func (;34;) (type 5) (param i32 i32) (result i32)
    block (result i32) ;; label = @1
      i64.const 4
      i64.const 2
      call $finite_wasm_stack
      i64.const 2
      call $finite_wasm_gas
      local.get 0
      if (result i32) ;; label = @2
        i64.const 1
        call $finite_wasm_gas
        local.get 1
      else
        i64.const 1
        call $finite_wasm_gas
        unreachable
      end
    end
    i64.const 4
    i64.const 2
    call $finite_wasm_unstack
  )
  (func (;35;) (type 5) (param i32 i32) (result i32)
    block (result i32) ;; label = @1
      i64.const 4
      i64.const 2
      call $finite_wasm_stack
      i64.const 2
      call $finite_wasm_gas
      local.get 0
      if ;; label = @2
        i64.const 1
        call $finite_wasm_gas
        unreachable
      end
      i64.const 1
      call $finite_wasm_gas
      local.get 1
    end
    i64.const 4
    i64.const 2
    call $finite_wasm_unstack
  )
  (func (;36;) (type 5) (param i32 i32) (result i32)
    block (result i32) ;; label = @1
      i64.const 0
      i64.const 2
      call $finite_wasm_stack
      i64.const 1
      call $finite_wasm_gas
      unreachable
      local.get 0
      local.get 1
      select
    end
    i64.const 0
    i64.const 2
    call $finite_wasm_unstack
  )
  (func (;37;) (type 5) (param i32 i32) (result i32)
    block (result i32) ;; label = @1
      i64.const 4
      i64.const 2
      call $finite_wasm_stack
      i64.const 2
      call $finite_wasm_gas
      local.get 0
      unreachable
      local.get 1
      select
    end
    i64.const 4
    i64.const 2
    call $finite_wasm_unstack
  )
  (func (;38;) (type 2) (result i32)
    block (result i32) ;; label = @1
      i64.const 8
      i64.const 0
      call $finite_wasm_stack
      i64.const 3
      call $finite_wasm_gas
      i32.const 0
      i32.const 1
      unreachable
      select
    end
    i64.const 8
    i64.const 0
    call $finite_wasm_unstack
  )
  (func (;39;) (type 1)
    i64.const 1
    call $finite_wasm_gas
    unreachable
    i32.const 2
    i32.const 3
    call $dummy3
  )
  (func (;40;) (type 1)
    block ;; label = @1
      i64.const 4
      i64.const 0
      call $finite_wasm_stack
      i64.const 2
      call $finite_wasm_gas
      i32.const 1
      unreachable
      i32.const 3
      call $dummy3
    end
    i64.const 4
    i64.const 0
    call $finite_wasm_unstack
  )
  (func (;41;) (type 1)
    block ;; label = @1
      i64.const 8
      i64.const 0
      call $finite_wasm_stack
      i64.const 3
      call $finite_wasm_gas
      i32.const 1
      i32.const 2
      unreachable
      call $dummy3
    end
    i64.const 8
    i64.const 0
    call $finite_wasm_unstack
  )
  (func (;42;) (type 1)
    i64.const 1
    call $finite_wasm_gas
    unreachable
    i32.const 1
    i32.const 2
    i32.const 3
    call_indirect (type $sig)
  )
  (func (;43;) (type 1)
    block ;; label = @1
      i64.const 4
      i64.const 0
      call $finite_wasm_stack
      i64.const 2
      call $finite_wasm_gas
      i32.const 0
      unreachable
      i32.const 2
      i32.const 3
      call_indirect (type $sig)
    end
    i64.const 4
    i64.const 0
    call $finite_wasm_unstack
  )
  (func (;44;) (type 1)
    block ;; label = @1
      i64.const 8
      i64.const 0
      call $finite_wasm_stack
      i64.const 3
      call $finite_wasm_gas
      i32.const 0
      i32.const 1
      unreachable
      i32.const 3
      call_indirect (type $sig)
    end
    i64.const 8
    i64.const 0
    call $finite_wasm_unstack
  )
  (func (;45;) (type 1)
    block ;; label = @1
      i64.const 12
      i64.const 0
      call $finite_wasm_stack
      i64.const 4
      call $finite_wasm_gas
      i32.const 0
      i32.const 1
      i32.const 2
      unreachable
      call_indirect (type $sig)
    end
    i64.const 12
    i64.const 0
    call $finite_wasm_unstack
  )
  (func (;46;) (type 1)
    (local f32)
    block ;; label = @1
      i64.const 0
      i64.const 1
      call $finite_wasm_stack
      i64.const 1
      call $finite_wasm_gas
      unreachable
      local.set 0
    end
    i64.const 0
    i64.const 1
    call $finite_wasm_unstack
  )
  (func (;47;) (type 6) (result f32)
    (local f32)
    block (result f32) ;; label = @1
      i64.const 0
      i64.const 1
      call $finite_wasm_stack
      i64.const 1
      call $finite_wasm_gas
      unreachable
      local.tee 0
    end
    i64.const 0
    i64.const 1
    call $finite_wasm_unstack
  )
  (func (;48;) (type 6) (result f32)
    i64.const 1
    call $finite_wasm_gas
    unreachable
    global.set $a
  )
  (func (;49;) (type 6) (result f32)
    i64.const 1
    call $finite_wasm_gas
    unreachable
    f32.load
  )
  (func (;50;) (type 4) (result i64)
    i64.const 1
    call $finite_wasm_gas
    unreachable
    i64.load8_s
  )
  (func (;51;) (type 1)
    i64.const 1
    call $finite_wasm_gas
    unreachable
    f64.const 0x1.cp+2 (;=7;)
    f64.store
  )
  (func (;52;) (type 1)
    block ;; label = @1
      i64.const 4
      i64.const 0
      call $finite_wasm_stack
      i64.const 2
      call $finite_wasm_gas
      i32.const 2
      unreachable
      i64.store
    end
    i64.const 4
    i64.const 0
    call $finite_wasm_unstack
  )
  (func (;53;) (type 1)
    i64.const 1
    call $finite_wasm_gas
    unreachable
    i32.const 7
    i32.store8
  )
  (func (;54;) (type 1)
    block ;; label = @1
      i64.const 4
      i64.const 0
      call $finite_wasm_stack
      i64.const 2
      call $finite_wasm_gas
      i32.const 2
      unreachable
      i64.store16
    end
    i64.const 4
    i64.const 0
    call $finite_wasm_unstack
  )
  (func (;55;) (type 6) (result f32)
    i64.const 1
    call $finite_wasm_gas
    unreachable
    f32.neg
  )
  (func (;56;) (type 2) (result i32)
    i64.const 1
    call $finite_wasm_gas
    unreachable
    i32.const 10
    i32.add
  )
  (func (;57;) (type 4) (result i64)
    block (result i64) ;; label = @1
      i64.const 8
      i64.const 0
      call $finite_wasm_stack
      i64.const 2
      call $finite_wasm_gas
      i64.const 10
      unreachable
      i64.sub
    end
    i64.const 8
    i64.const 0
    call $finite_wasm_unstack
  )
  (func (;58;) (type 2) (result i32)
    i64.const 1
    call $finite_wasm_gas
    unreachable
    i32.eqz
  )
  (func (;59;) (type 2) (result i32)
    i64.const 1
    call $finite_wasm_gas
    unreachable
    f64.const 0x1.4p+3 (;=10;)
    f64.le
  )
  (func (;60;) (type 2) (result i32)
    block (result i32) ;; label = @1
      i64.const 4
      i64.const 0
      call $finite_wasm_stack
      i64.const 2
      call $finite_wasm_gas
      f32.const 0x1.4p+3 (;=10;)
      unreachable
      f32.ne
    end
    i64.const 4
    i64.const 0
    call $finite_wasm_unstack
  )
  (func (;61;) (type 2) (result i32)
    i64.const 1
    call $finite_wasm_gas
    unreachable
    i32.wrap_i64
  )
  (func (;62;) (type 2) (result i32)
    i64.const 1
    call $finite_wasm_gas
    unreachable
    memory.grow
  )
  (table (;0;) 1 1 funcref)
  (memory (;0;) 1)
  (global $a (;0;) (mut f32) f32.const 0x0p+0 (;=0;))
  (export "type-i32" (func 5))
  (export "type-i64" (func 6))
  (export "type-f32" (func 7))
  (export "type-f64" (func 8))
  (export "as-func-first" (func 9))
  (export "as-func-mid" (func 10))
  (export "as-func-last" (func 11))
  (export "as-func-value" (func 12))
  (export "as-block-first" (func 13))
  (export "as-block-mid" (func 14))
  (export "as-block-last" (func 15))
  (export "as-block-value" (func 16))
  (export "as-block-broke" (func 17))
  (export "as-loop-first" (func 18))
  (export "as-loop-mid" (func 19))
  (export "as-loop-last" (func 20))
  (export "as-loop-broke" (func 21))
  (export "as-br-value" (func 22))
  (export "as-br_if-cond" (func 23))
  (export "as-br_if-value" (func 24))
  (export "as-br_if-value-cond" (func 25))
  (export "as-br_table-index" (func 26))
  (export "as-br_table-value" (func 27))
  (export "as-br_table-value-2" (func 28))
  (export "as-br_table-value-index" (func 29))
  (export "as-br_table-value-and-index" (func 30))
  (export "as-return-value" (func 31))
  (export "as-if-cond" (func 32))
  (export "as-if-then" (func 33))
  (export "as-if-else" (func 34))
  (export "as-if-then-no-else" (func 35))
  (export "as-select-first" (func 36))
  (export "as-select-second" (func 37))
  (export "as-select-cond" (func 38))
  (export "as-call-first" (func 39))
  (export "as-call-mid" (func 40))
  (export "as-call-last" (func 41))
  (export "as-call_indirect-func" (func 42))
  (export "as-call_indirect-first" (func 43))
  (export "as-call_indirect-mid" (func 44))
  (export "as-call_indirect-last" (func 45))
  (export "as-local.set-value" (func 46))
  (export "as-local.tee-value" (func 47))
  (export "as-global.set-value" (func 48))
  (export "as-load-address" (func 49))
  (export "as-loadN-address" (func 50))
  (export "as-store-address" (func 51))
  (export "as-store-value" (func 52))
  (export "as-storeN-address" (func 53))
  (export "as-storeN-value" (func 54))
  (export "as-unary-operand" (func 55))
  (export "as-binary-left" (func 56))
  (export "as-binary-right" (func 57))
  (export "as-test-operand" (func 58))
  (export "as-compare-left" (func 59))
  (export "as-compare-right" (func 60))
  (export "as-convert-operand" (func 61))
  (export "as-memory.grow-size" (func 62))
  (elem (;0;) (i32.const 0) func $dummy3)
)
(assert_trap (invoke "type-i32") "unreachable")
(assert_trap (invoke "type-i64") "unreachable")
(assert_trap (invoke "type-f32") "unreachable")
(assert_trap (invoke "type-f64") "unreachable")

(assert_trap (invoke "as-func-first") "unreachable")
(assert_trap (invoke "as-func-mid") "unreachable")
(assert_trap (invoke "as-func-last") "unreachable")
(assert_trap (invoke "as-func-value") "unreachable")

(assert_trap (invoke "as-block-first") "unreachable")
(assert_trap (invoke "as-block-mid") "unreachable")
(assert_trap (invoke "as-block-last") "unreachable")
(assert_trap (invoke "as-block-value") "unreachable")
(assert_return (invoke "as-block-broke") (i32.const 1))

(assert_trap (invoke "as-loop-first") "unreachable")
(assert_trap (invoke "as-loop-mid") "unreachable")
(assert_trap (invoke "as-loop-last") "unreachable")
(assert_return (invoke "as-loop-broke") (i32.const 1))

(assert_trap (invoke "as-br-value") "unreachable")

(assert_trap (invoke "as-br_if-cond") "unreachable")
(assert_trap (invoke "as-br_if-value") "unreachable")
(assert_trap (invoke "as-br_if-value-cond") "unreachable")

(assert_trap (invoke "as-br_table-index") "unreachable")
(assert_trap (invoke "as-br_table-value") "unreachable")
(assert_trap (invoke "as-br_table-value-2") "unreachable")
(assert_trap (invoke "as-br_table-value-index") "unreachable")
(assert_trap (invoke "as-br_table-value-and-index") "unreachable")

(assert_trap (invoke "as-return-value") "unreachable")

(assert_trap (invoke "as-if-cond") "unreachable")
(assert_trap (invoke "as-if-then" (i32.const 1) (i32.const 6)) "unreachable")
(assert_return (invoke "as-if-then" (i32.const 0) (i32.const 6)) (i32.const 6))
(assert_trap (invoke "as-if-else" (i32.const 0) (i32.const 6)) "unreachable")
(assert_return (invoke "as-if-else" (i32.const 1) (i32.const 6)) (i32.const 6))
(assert_trap (invoke "as-if-then-no-else" (i32.const 1) (i32.const 6)) "unreachable")
(assert_return (invoke "as-if-then-no-else" (i32.const 0) (i32.const 6)) (i32.const 6))

(assert_trap (invoke "as-select-first" (i32.const 0) (i32.const 6)) "unreachable")
(assert_trap (invoke "as-select-first" (i32.const 1) (i32.const 6)) "unreachable")
(assert_trap (invoke "as-select-second" (i32.const 0) (i32.const 6)) "unreachable")
(assert_trap (invoke "as-select-second" (i32.const 1) (i32.const 6)) "unreachable")
(assert_trap (invoke "as-select-cond") "unreachable")

(assert_trap (invoke "as-call-first") "unreachable")
(assert_trap (invoke "as-call-mid") "unreachable")
(assert_trap (invoke "as-call-last") "unreachable")

(assert_trap (invoke "as-call_indirect-func") "unreachable")
(assert_trap (invoke "as-call_indirect-first") "unreachable")
(assert_trap (invoke "as-call_indirect-mid") "unreachable")
(assert_trap (invoke "as-call_indirect-last") "unreachable")

(assert_trap (invoke "as-local.set-value") "unreachable")
(assert_trap (invoke "as-local.tee-value") "unreachable")
(assert_trap (invoke "as-global.set-value") "unreachable")

(assert_trap (invoke "as-load-address") "unreachable")
(assert_trap (invoke "as-loadN-address") "unreachable")

(assert_trap (invoke "as-store-address") "unreachable")
(assert_trap (invoke "as-store-value") "unreachable")
(assert_trap (invoke "as-storeN-address") "unreachable")
(assert_trap (invoke "as-storeN-value") "unreachable")

(assert_trap (invoke "as-unary-operand") "unreachable")

(assert_trap (invoke "as-binary-left") "unreachable")
(assert_trap (invoke "as-binary-right") "unreachable")

(assert_trap (invoke "as-test-operand") "unreachable")

(assert_trap (invoke "as-compare-left") "unreachable")
(assert_trap (invoke "as-compare-right") "unreachable")

(assert_trap (invoke "as-convert-operand") "unreachable")

(assert_trap (invoke "as-memory.grow-size") "unreachable")

