(module
  (type (;0;) (func (param i32)))
  (type (;1;) (func (param i64)))
  (type (;2;) (func (param i64 i64)))
  (import "spectest" "finite_wasm_gas" (func (;0;) (type 1)))
  (import "spectest" "finite_wasm_stack" (func (;1;) (type 2)))
  (import "spectest" "finite_wasm_unstack" (func (;2;) (type 2)))
  (func (;3;) (type 0) (param $count i32)
    block $l1 ;; label = @1
      i64.const 8
      i64.const 1
      call 1
      i64.const 1
      call 0
      loop $l2 ;; label = @2
        loop $l3 ;; label = @3
          i64.const 7
          call 0
          loop ;; label = @4
            local.get $count
            i32.const 1
            i32.add
            local.tee $count
            br_table 1 (;@3;) 1 (;@3;) 1 (;@3;) 1 (;@3;) 1 (;@3;) 1 (;@3;) 1 (;@3;) 3 (;@1;)
          end
        end
      end
    end
    i64.const 8
    i64.const 1
    call 2
  )
  (export "regression45" (func 3))
)
(invoke "regression45" (i32.const 0))
