(module
  (type (;0;) (func (param v128 v128 v128) (result v128)))
  (type (;1;) (func (param v128 v128) (result v128)))
  (type (;2;) (func (param i64)))
  (import "spectest" "finite_wasm_gas" (func (;0;) (type 2)))
  (import "spectest" "finite_wasm_stack" (func (;1;) (type 2)))
  (func (;2;) (type 0) (param v128 v128 v128) (result v128)
    i64.const 1000002000032
    call 1
    local.get 0
    i64.const 6
    call 0
    local.get 1
    i8x16.sub
    local.get 2
    i8x16.add
  )
  (func (;3;) (type 0) (param v128 v128 v128) (result v128)
    i64.const 1000002000032
    call 1
    local.get 0
    i64.const 6
    call 0
    local.get 1
    i8x16.add
    local.get 2
    i8x16.sub
  )
  (func (;4;) (type 1) (param v128 v128) (result v128)
    i64.const 1000001000032
    call 1
    local.get 0
    i64.const 5
    call 0
    i8x16.neg
    local.get 1
    i8x16.add
  )
  (func (;5;) (type 1) (param v128 v128) (result v128)
    i64.const 1000001000032
    call 1
    local.get 0
    i64.const 5
    call 0
    i8x16.neg
    local.get 1
    i8x16.sub
  )
  (export "add-sub" (func 2))
  (export "sub-add" (func 3))
  (export "add-neg" (func 4))
  (export "sub-neg" (func 5))
)