(module
  (type (;0;) (func (result v128)))
  (type (;1;) (func (param i64)))
  (import "spectest" "finite_wasm_gas" (func (;0;) (type 1)))
  (import "spectest" "finite_wasm_stack" (func (;1;) (type 1)))
  (func (;2;) (type 0) (result v128)
    i64.const 1000000000020
    call 1
    i64.const 2
    call 0
    i32.const 0
    v128.load
    i64.const 3
    call 0
    i32.const 1
    i8x16.shl
  )
  (memory (;0;) 1)
  (export "as-i8x16.shl-operand" (func 2))
  (data (;0;) (i32.const 0) "\aa\aa\aa\aa\aa\aa\aa\aa\aa\aa\aa\aa\aa\aa\aa\aa")
)