(module
  (type (;0;) (func))
  (type (;1;) (func (param i64)))
  (import "spectest" "finite_wasm_gas" (func (;0;) (type 1)))
  (import "spectest" "finite_wasm_stack" (func (;1;) (type 1)))
  (func (;2;) (type 0)
    i64.const 1000000000032
    call 1
    block ;; label = @1
      block (result v128) ;; label = @2
        block (result v128) ;; label = @3
          i32.const 0
          v128.load
        end
        block (result v128) ;; label = @3
          i32.const 1
          v128.load
        end
        f64x2.eq
      end
      drop
    end
  )
  (func (;3;) (type 0)
    i64.const 1000000000032
    call 1
    block ;; label = @1
      block (result v128) ;; label = @2
        block (result v128) ;; label = @3
          i32.const 0
          v128.load
        end
        block (result v128) ;; label = @3
          i32.const 1
          v128.load
        end
        f64x2.ne
      end
      drop
    end
  )
  (func (;4;) (type 0)
    i64.const 1000000000032
    call 1
    block ;; label = @1
      block (result v128) ;; label = @2
        block (result v128) ;; label = @3
          i32.const 0
          v128.load
        end
        block (result v128) ;; label = @3
          i32.const 1
          v128.load
        end
        f64x2.lt
      end
      drop
    end
  )
  (func (;5;) (type 0)
    i64.const 1000000000032
    call 1
    block ;; label = @1
      block (result v128) ;; label = @2
        block (result v128) ;; label = @3
          i32.const 0
          v128.load
        end
        block (result v128) ;; label = @3
          i32.const 1
          v128.load
        end
        f64x2.le
      end
      drop
    end
  )
  (func (;6;) (type 0)
    i64.const 1000000000032
    call 1
    block ;; label = @1
      block (result v128) ;; label = @2
        block (result v128) ;; label = @3
          i32.const 0
          v128.load
        end
        block (result v128) ;; label = @3
          i32.const 1
          v128.load
        end
        f64x2.gt
      end
      drop
    end
  )
  (func (;7;) (type 0)
    i64.const 1000000000032
    call 1
    block ;; label = @1
      block (result v128) ;; label = @2
        block (result v128) ;; label = @3
          i32.const 0
          v128.load
        end
        block (result v128) ;; label = @3
          i32.const 1
          v128.load
        end
        f64x2.ge
      end
      drop
    end
  )
  (func (;8;) (type 0)
    i64.const 1000000000064
    call 1
    i32.const 0
    v128.load
    i32.const 1
    v128.load
    f64x2.eq
    i32.const 2
    v128.load
    i32.const 3
    v128.load
    f64x2.eq
    f64x2.eq
    i32.const 0
    v128.load
    i32.const 1
    v128.load
    f64x2.eq
    i32.const 2
    v128.load
    i32.const 3
    v128.load
    f64x2.eq
    f64x2.eq
    f64x2.eq
    drop
  )
  (func (;9;) (type 0)
    i64.const 1000000000064
    call 1
    i32.const 0
    v128.load
    i32.const 1
    v128.load
    f64x2.ne
    i32.const 2
    v128.load
    i32.const 3
    v128.load
    f64x2.ne
    f64x2.ne
    i32.const 0
    v128.load
    i32.const 1
    v128.load
    f64x2.ne
    i32.const 2
    v128.load
    i32.const 3
    v128.load
    f64x2.ne
    f64x2.ne
    f64x2.ne
    drop
  )
  (func (;10;) (type 0)
    i64.const 1000000000064
    call 1
    i32.const 0
    v128.load
    i32.const 1
    v128.load
    f64x2.lt
    i32.const 2
    v128.load
    i32.const 3
    v128.load
    f64x2.lt
    f64x2.lt
    i32.const 0
    v128.load
    i32.const 1
    v128.load
    f64x2.lt
    i32.const 2
    v128.load
    i32.const 3
    v128.load
    f64x2.lt
    f64x2.lt
    f64x2.lt
    drop
  )
  (func (;11;) (type 0)
    i64.const 1000000000064
    call 1
    i32.const 0
    v128.load
    i32.const 1
    v128.load
    f64x2.le
    i32.const 2
    v128.load
    i32.const 3
    v128.load
    f64x2.le
    f64x2.le
    i32.const 0
    v128.load
    i32.const 1
    v128.load
    f64x2.le
    i32.const 2
    v128.load
    i32.const 3
    v128.load
    f64x2.le
    f64x2.le
    f64x2.le
    drop
  )
  (func (;12;) (type 0)
    i64.const 1000000000064
    call 1
    i32.const 0
    v128.load
    i32.const 1
    v128.load
    f64x2.gt
    i32.const 2
    v128.load
    i32.const 3
    v128.load
    f64x2.gt
    f64x2.gt
    i32.const 0
    v128.load
    i32.const 1
    v128.load
    f64x2.gt
    i32.const 2
    v128.load
    i32.const 3
    v128.load
    f64x2.gt
    f64x2.gt
    f64x2.gt
    drop
  )
  (func (;13;) (type 0)
    i64.const 1000000000064
    call 1
    i32.const 0
    v128.load
    i32.const 1
    v128.load
    f64x2.ge
    i32.const 2
    v128.load
    i32.const 3
    v128.load
    f64x2.ge
    f64x2.ge
    i32.const 0
    v128.load
    i32.const 1
    v128.load
    f64x2.ge
    i32.const 2
    v128.load
    i32.const 3
    v128.load
    f64x2.ge
    f64x2.ge
    f64x2.ge
    drop
  )
  (func (;14;) (type 0)
    i64.const 1000000000064
    call 1
    i32.const 0
    v128.load
    i32.const 1
    v128.load
    f64x2.lt
    i32.const 2
    v128.load
    i32.const 3
    v128.load
    f64x2.le
    f64x2.ne
    i32.const 0
    v128.load
    i32.const 1
    v128.load
    f64x2.ge
    i32.const 2
    v128.load
    i32.const 3
    v128.load
    f64x2.eq
    f64x2.gt
    f64x2.eq
    drop
  )
  (memory (;0;) 1)
  (export "f64x2.eq-in-block" (func 2))
  (export "f64x2.ne-in-block" (func 3))
  (export "f64x2.lt-in-block" (func 4))
  (export "f64x2.le-in-block" (func 5))
  (export "f64x2.gt-in-block" (func 6))
  (export "f64x2.ge-in-block" (func 7))
  (export "nested-f64x2.eq" (func 8))
  (export "nested-f64x2.ne" (func 9))
  (export "nested-f64x2.lt" (func 10))
  (export "nested-f64x2.le" (func 11))
  (export "nested-f64x2.gt" (func 12))
  (export "nested-f64x2.ge" (func 13))
  (export "as-param" (func 14))
)