(module
  (type (;0;) (func (param i32) (result v128)))
  (type (;1;) (func (param f32) (result v128)))
  (type (;2;) (func (param i64) (result v128)))
  (type (;3;) (func (param f64) (result v128)))
  (type (;4;) (func (param i64)))
  (import "spectest" "finite_wasm_gas" (func (;0;) (type 4)))
  (import "spectest" "finite_wasm_stack" (func (;1;) (type 4)))
  (func (;2;) (type 0) (param i32) (result v128)
    i64.const 1000000000016
    call 1
    block (result v128) ;; label = @1
      i64.const 3
      call 0
      local.get 0
      i8x16.splat
      br 0 (;@1;)
      i64.const 1
      call 0
    end
    i64.const 1
    call 0
    end
    i64.const 1
    call 0
  )
  (func (;3;) (type 0) (param i32) (result v128)
    i64.const 1000000000016
    call 1
    local.get 0
    i64.const 2
    call 0
    i16x8.splat
    return
    i64.const 1
    call 0
    end
    i64.const 1
    call 0
  )
  (func (;4;) (type 0) (param i32) (result v128)
    (local v128)
    i64.const 1000001000016
    call 1
    local.get 0
    i64.const 4
    call 0
    i32x4.splat
    local.set 1
    local.get 1
    return
    i64.const 1
    call 0
    end
    i64.const 1
    call 0
  )
  (func (;5;) (type 1) (param f32) (result v128)
    i64.const 1000000000016
    call 1
    local.get 0
    i64.const 4
    call 0
    f32x4.splat
    global.set $g
    global.get $g
    return
    i64.const 1
    call 0
    end
    i64.const 1
    call 0
  )
  (func (;6;) (type 2) (param i64) (result v128)
    i64.const 1000000000016
    call 1
    block (result v128) ;; label = @1
      i64.const 3
      call 0
      local.get 0
      i64x2.splat
      br 0 (;@1;)
      i64.const 1
      call 0
    end
    i64.const 1
    call 0
    end
    i64.const 1
    call 0
  )
  (func (;7;) (type 2) (param i64) (result v128)
    i64.const 1000000000016
    call 1
    local.get 0
    i64.const 2
    call 0
    i64x2.splat
    return
    i64.const 1
    call 0
    end
    i64.const 1
    call 0
  )
  (func (;8;) (type 2) (param i64) (result v128)
    (local v128)
    i64.const 1000001000016
    call 1
    local.get 0
    i64.const 4
    call 0
    i64x2.splat
    local.set 1
    local.get 1
    return
    i64.const 1
    call 0
    end
    i64.const 1
    call 0
  )
  (func (;9;) (type 3) (param f64) (result v128)
    i64.const 1000000000016
    call 1
    local.get 0
    i64.const 4
    call 0
    f64x2.splat
    global.set $g
    global.get $g
    return
    i64.const 1
    call 0
    end
    i64.const 1
    call 0
  )
  (global $g (;0;) (mut v128) v128.const i32x4 0x00000000 0x00000000 0x00000000 0x00000000)
  (export "as-br-value1" (func 2))
  (export "as-return-value1" (func 3))
  (export "as-local_set-value1" (func 4))
  (export "as-global_set-value1" (func 5))
  (export "as-br-value2" (func 6))
  (export "as-return-value2" (func 7))
  (export "as-local_set-value2" (func 8))
  (export "as-global_set-value2" (func 9))
)