(module
  (type (;0;) (func (param v128 v128 v128) (result v128)))
  (type (;1;) (func (param v128 v128) (result v128)))
  (type (;2;) (func (param i64)))
  (import "spectest" "finite_wasm_gas" (func (;0;) (type 2)))
  (import "spectest" "finite_wasm_stack" (func (;1;) (type 2)))
  (func (;2;) (type 0) (param v128 v128 v128) (result v128)
    i64.const 1000002000032
    call 1
    local.get 0
    local.get 1
    f64x2.min
    local.get 2
    f64x2.max
  )
  (func (;3;) (type 0) (param v128 v128 v128) (result v128)
    i64.const 1000002000032
    call 1
    local.get 0
    local.get 1
    f64x2.max
    local.get 2
    f64x2.min
  )
  (func (;4;) (type 1) (param v128 v128) (result v128)
    i64.const 1000001000032
    call 1
    local.get 0
    f64x2.abs
    local.get 1
    f64x2.max
  )
  (func (;5;) (type 1) (param v128 v128) (result v128)
    i64.const 1000001000032
    call 1
    local.get 0
    f64x2.abs
    local.get 1
    f64x2.min
  )
  (export "max-min" (func 2))
  (export "min-max" (func 3))
  (export "max-abs" (func 4))
  (export "min-abs" (func 5))
)