(module
  (type (;0;) (func (result i32)))
  (type (;1;) (func (param i64)))
  (import "spectest" "finite_wasm_gas" (func (;0;) (type 1)))
  (import "spectest" "finite_wasm_stack" (func (;1;) (type 1)))
  (func (;2;) (type 0) (result i32)
    i64.const 1000000000016
    call 1
    i32.const 0
    i64.const 1
    call 0
    v128.load
    i64.const 1
    call 0
    i8x16.extract_lane_s 0
    i64.const 2
    call 0
  )
  (memory (;0;) 1)
  (export "as-i8x16_extract_lane_s-value/0" (func 2))
  (data (;0;) (i32.const 0) "\00\01\02\03\04\05\06\07\08\09\0a\0b\0c\0d\0e\0f\00\01\02\03")
)