(module
  (type (;0;) (func (param v128) (result i32)))
  (type (;1;) (func (param v128) (result f32)))
  (type (;2;) (func (param v128 i32) (result v128)))
  (type (;3;) (func (param v128 f32) (result v128)))
  (type (;4;) (func (param v128) (result i64)))
  (type (;5;) (func (param v128) (result f64)))
  (type (;6;) (func (param v128 i64) (result v128)))
  (type (;7;) (func (param v128 f64) (result v128)))
  (type (;8;) (func (param v128 v128) (result v128)))
  (type (;9;) (func (param i64)))
  (import "spectest" "finite_wasm_gas" (func (;0;) (type 9)))
  (import "spectest" "finite_wasm_stack" (func (;1;) (type 9)))
  (func (;2;) (type 0) (param v128) (result i32)
    i64.const 1000000000016
    call 1
    local.get 0
    i64.const 3
    call 0
    i8x16.extract_lane_s 0
  )
  (func (;3;) (type 0) (param v128) (result i32)
    i64.const 1000000000016
    call 1
    local.get 0
    i64.const 3
    call 0
    i8x16.extract_lane_s 15
  )
  (func (;4;) (type 0) (param v128) (result i32)
    i64.const 1000000000016
    call 1
    local.get 0
    i64.const 3
    call 0
    i8x16.extract_lane_u 0
  )
  (func (;5;) (type 0) (param v128) (result i32)
    i64.const 1000000000016
    call 1
    local.get 0
    i64.const 3
    call 0
    i8x16.extract_lane_u 15
  )
  (func (;6;) (type 0) (param v128) (result i32)
    i64.const 1000000000016
    call 1
    local.get 0
    i64.const 3
    call 0
    i16x8.extract_lane_s 0
  )
  (func (;7;) (type 0) (param v128) (result i32)
    i64.const 1000000000016
    call 1
    local.get 0
    i64.const 3
    call 0
    i16x8.extract_lane_s 7
  )
  (func (;8;) (type 0) (param v128) (result i32)
    i64.const 1000000000016
    call 1
    local.get 0
    i64.const 3
    call 0
    i16x8.extract_lane_u 0
  )
  (func (;9;) (type 0) (param v128) (result i32)
    i64.const 1000000000016
    call 1
    local.get 0
    i64.const 3
    call 0
    i16x8.extract_lane_u 7
  )
  (func (;10;) (type 0) (param v128) (result i32)
    i64.const 1000000000016
    call 1
    local.get 0
    i64.const 3
    call 0
    i32x4.extract_lane 0
  )
  (func (;11;) (type 0) (param v128) (result i32)
    i64.const 1000000000016
    call 1
    local.get 0
    i64.const 3
    call 0
    i32x4.extract_lane 3
  )
  (func (;12;) (type 1) (param v128) (result f32)
    i64.const 1000000000016
    call 1
    local.get 0
    i64.const 3
    call 0
    f32x4.extract_lane 0
  )
  (func (;13;) (type 1) (param v128) (result f32)
    i64.const 1000000000016
    call 1
    local.get 0
    i64.const 3
    call 0
    f32x4.extract_lane 3
  )
  (func (;14;) (type 2) (param v128 i32) (result v128)
    i64.const 1000001000020
    call 1
    local.get 0
    i64.const 4
    call 0
    local.get 1
    i8x16.replace_lane 0
  )
  (func (;15;) (type 2) (param v128 i32) (result v128)
    i64.const 1000001000020
    call 1
    local.get 0
    i64.const 4
    call 0
    local.get 1
    i8x16.replace_lane 15
  )
  (func (;16;) (type 2) (param v128 i32) (result v128)
    i64.const 1000001000020
    call 1
    local.get 0
    i64.const 4
    call 0
    local.get 1
    i16x8.replace_lane 0
  )
  (func (;17;) (type 2) (param v128 i32) (result v128)
    i64.const 1000001000020
    call 1
    local.get 0
    i64.const 4
    call 0
    local.get 1
    i16x8.replace_lane 7
  )
  (func (;18;) (type 2) (param v128 i32) (result v128)
    i64.const 1000001000020
    call 1
    local.get 0
    i64.const 4
    call 0
    local.get 1
    i32x4.replace_lane 0
  )
  (func (;19;) (type 2) (param v128 i32) (result v128)
    i64.const 1000001000020
    call 1
    local.get 0
    i64.const 4
    call 0
    local.get 1
    i32x4.replace_lane 3
  )
  (func (;20;) (type 3) (param v128 f32) (result v128)
    i64.const 1000001000020
    call 1
    local.get 0
    i64.const 4
    call 0
    local.get 1
    f32x4.replace_lane 0
  )
  (func (;21;) (type 3) (param v128 f32) (result v128)
    i64.const 1000001000020
    call 1
    local.get 0
    i64.const 4
    call 0
    local.get 1
    f32x4.replace_lane 3
  )
  (func (;22;) (type 4) (param v128) (result i64)
    i64.const 1000000000016
    call 1
    local.get 0
    i64.const 3
    call 0
    i64x2.extract_lane 0
  )
  (func (;23;) (type 4) (param v128) (result i64)
    i64.const 1000000000016
    call 1
    local.get 0
    i64.const 3
    call 0
    i64x2.extract_lane 1
  )
  (func (;24;) (type 5) (param v128) (result f64)
    i64.const 1000000000016
    call 1
    local.get 0
    i64.const 3
    call 0
    f64x2.extract_lane 0
  )
  (func (;25;) (type 5) (param v128) (result f64)
    i64.const 1000000000016
    call 1
    local.get 0
    i64.const 3
    call 0
    f64x2.extract_lane 1
  )
  (func (;26;) (type 6) (param v128 i64) (result v128)
    i64.const 1000001000024
    call 1
    local.get 0
    i64.const 4
    call 0
    local.get 1
    i64x2.replace_lane 0
  )
  (func (;27;) (type 6) (param v128 i64) (result v128)
    i64.const 1000001000024
    call 1
    local.get 0
    i64.const 4
    call 0
    local.get 1
    i64x2.replace_lane 1
  )
  (func (;28;) (type 7) (param v128 f64) (result v128)
    i64.const 1000001000024
    call 1
    local.get 0
    i64.const 4
    call 0
    local.get 1
    f64x2.replace_lane 0
  )
  (func (;29;) (type 7) (param v128 f64) (result v128)
    i64.const 1000001000024
    call 1
    local.get 0
    i64.const 4
    call 0
    local.get 1
    f64x2.replace_lane 1
  )
  (func (;30;) (type 8) (param v128 v128) (result v128)
    i64.const 1000001000032
    call 1
    local.get 0
    i64.const 4
    call 0
    local.get 1
    i8x16.swizzle
  )
  (func (;31;) (type 8) (param v128 v128) (result v128)
    i64.const 1000001000032
    call 1
    local.get 0
    i64.const 4
    call 0
    local.get 1
    i8x16.shuffle 0 1 2 3 4 5 6 7 8 9 10 11 12 13 14 15
  )
  (func (;32;) (type 8) (param v128 v128) (result v128)
    i64.const 1000001000032
    call 1
    local.get 0
    i64.const 4
    call 0
    local.get 1
    i8x16.shuffle 16 17 18 19 20 21 22 23 24 25 26 27 28 29 30 31
  )
  (func (;33;) (type 8) (param v128 v128) (result v128)
    i64.const 1000001000032
    call 1
    local.get 0
    i64.const 4
    call 0
    local.get 1
    i8x16.shuffle 31 30 29 28 27 26 25 24 23 22 21 20 19 18 17 16
  )
  (func (;34;) (type 8) (param v128 v128) (result v128)
    i64.const 1000001000032
    call 1
    local.get 0
    i64.const 4
    call 0
    local.get 1
    i8x16.shuffle 15 14 13 12 11 10 9 8 7 6 5 4 3 2 1 0
  )
  (func (;35;) (type 8) (param v128 v128) (result v128)
    i64.const 1000001000032
    call 1
    local.get 0
    i64.const 4
    call 0
    local.get 1
    i8x16.shuffle 0 0 0 0 0 0 0 0 0 0 0 0 0 0 0 0
  )
  (func (;36;) (type 8) (param v128 v128) (result v128)
    i64.const 1000001000032
    call 1
    local.get 0
    i64.const 4
    call 0
    local.get 1
    i8x16.shuffle 16 16 16 16 16 16 16 16 16 16 16 16 16 16 16 16
  )
  (func (;37;) (type 8) (param v128 v128) (result v128)
    i64.const 1000001000032
    call 1
    local.get 0
    i64.const 4
    call 0
    local.get 1
    i8x16.shuffle 0 0 0 0 0 0 0 0 16 16 16 16 16 16 16 16
  )
  (export "i8x16_extract_lane_s-first" (func 2))
  (export "i8x16_extract_lane_s-last" (func 3))
  (export "i8x16_extract_lane_u-first" (func 4))
  (export "i8x16_extract_lane_u-last" (func 5))
  (export "i16x8_extract_lane_s-first" (func 6))
  (export "i16x8_extract_lane_s-last" (func 7))
  (export "i16x8_extract_lane_u-first" (func 8))
  (export "i16x8_extract_lane_u-last" (func 9))
  (export "i32x4_extract_lane-first" (func 10))
  (export "i32x4_extract_lane-last" (func 11))
  (export "f32x4_extract_lane-first" (func 12))
  (export "f32x4_extract_lane-last" (func 13))
  (export "i8x16_replace_lane-first" (func 14))
  (export "i8x16_replace_lane-last" (func 15))
  (export "i16x8_replace_lane-first" (func 16))
  (export "i16x8_replace_lane-last" (func 17))
  (export "i32x4_replace_lane-first" (func 18))
  (export "i32x4_replace_lane-last" (func 19))
  (export "f32x4_replace_lane-first" (func 20))
  (export "f32x4_replace_lane-last" (func 21))
  (export "i64x2_extract_lane-first" (func 22))
  (export "i64x2_extract_lane-last" (func 23))
  (export "f64x2_extract_lane-first" (func 24))
  (export "f64x2_extract_lane-last" (func 25))
  (export "i64x2_replace_lane-first" (func 26))
  (export "i64x2_replace_lane-last" (func 27))
  (export "f64x2_replace_lane-first" (func 28))
  (export "f64x2_replace_lane-last" (func 29))
  (export "v8x16_swizzle" (func 30))
  (export "v8x16_shuffle-1" (func 31))
  (export "v8x16_shuffle-2" (func 32))
  (export "v8x16_shuffle-3" (func 33))
  (export "v8x16_shuffle-4" (func 34))
  (export "v8x16_shuffle-5" (func 35))
  (export "v8x16_shuffle-6" (func 36))
  (export "v8x16_shuffle-7" (func 37))
)