(module
  (type (;0;) (func (result v128)))
  (type (;1;) (func (param i64)))
  (import "spectest" "finite_wasm_gas" (func (;0;) (type 1)))
  (import "spectest" "finite_wasm_stack" (func (;1;) (type 1)))
  (func (;2;) (type 0) (result v128)
    i32.const 0
    v128.load
    i32x4.trunc_sat_f32x4_s
  )
  (memory (;0;) 1)
  (export "as-i32x4.trunc_sat_f32x4_s-operand" (func 2))
  (data (;0;) (i32.const 0) "\00\00\00C\00\00\80?ff\e6?\00\00\80\bf")
)